../Core/Src/main.c:66:6:change_pwm_pulse	24	static
../Core/Src/main.c:72:6:change_pwm_pulse_2	24	static
../Core/Src/main.c:89:5:main	8	static
../Core/Src/main.c:161:6:SystemClock_Config	96	static
../Core/Src/main.c:206:13:MX_LPUART1_UART_Init	8	static
../Core/Src/main.c:240:13:MX_USART3_UART_Init	8	static
../Core/Src/main.c:275:13:MX_TIM1_Init	96	static
../Core/Src/main.c:344:13:MX_TIM2_Init	48	static
../Core/Src/main.c:397:13:MX_TIM16_Init	80	static
../Core/Src/main.c:459:13:MX_GPIO_Init	56	static
../Core/Src/main.c:529:5:__io_putchar	16	static
../Core/Src/main.c:534:5:_write	32	static
../Core/Src/main.c:550:6:Error_Handler	4	static,ignoring_inline_asm
