Archive member included to satisfy reference by file (symbol)

C:/ST/STM32CubeIDE_1.16.1/STM32CubeIDE/plugins/com.st.stm32cube.ide.mcu.externaltools.gnu-tools-for-stm32.12.3.rel1.win32_1.0.200.202406191623/tools/bin/../lib/gcc/arm-none-eabi/12.3.1/../../../../arm-none-eabi/lib/thumb/v7e-m+fp/hard\libc_nano.a(libc_a-exit.o)
                              C:/ST/STM32CubeIDE_1.16.1/STM32CubeIDE/plugins/com.st.stm32cube.ide.mcu.externaltools.gnu-tools-for-stm32.12.3.rel1.win32_1.0.200.202406191623/tools/bin/../lib/gcc/arm-none-eabi/12.3.1/../../../../arm-none-eabi/lib/thumb/v7e-m+fp/hard/crt0.o (exit)
C:/ST/STM32CubeIDE_1.16.1/STM32CubeIDE/plugins/com.st.stm32cube.ide.mcu.externaltools.gnu-tools-for-stm32.12.3.rel1.win32_1.0.200.202406191623/tools/bin/../lib/gcc/arm-none-eabi/12.3.1/../../../../arm-none-eabi/lib/thumb/v7e-m+fp/hard\libc_nano.a(libc_a-rand.o)
                              ./Core/Src/HapticGloveWrite/bluenrg_init.o (rand)
C:/ST/STM32CubeIDE_1.16.1/STM32CubeIDE/plugins/com.st.stm32cube.ide.mcu.externaltools.gnu-tools-for-stm32.12.3.rel1.win32_1.0.200.202406191623/tools/bin/../lib/gcc/arm-none-eabi/12.3.1/../../../../arm-none-eabi/lib/thumb/v7e-m+fp/hard\libc_nano.a(libc_a-findfp.o)
                              C:/ST/STM32CubeIDE_1.16.1/STM32CubeIDE/plugins/com.st.stm32cube.ide.mcu.externaltools.gnu-tools-for-stm32.12.3.rel1.win32_1.0.200.202406191623/tools/bin/../lib/gcc/arm-none-eabi/12.3.1/../../../../arm-none-eabi/lib/thumb/v7e-m+fp/hard\libc_nano.a(libc_a-exit.o) (__stdio_exit_handler)
C:/ST/STM32CubeIDE_1.16.1/STM32CubeIDE/plugins/com.st.stm32cube.ide.mcu.externaltools.gnu-tools-for-stm32.12.3.rel1.win32_1.0.200.202406191623/tools/bin/../lib/gcc/arm-none-eabi/12.3.1/../../../../arm-none-eabi/lib/thumb/v7e-m+fp/hard\libc_nano.a(libc_a-fwalk.o)
                              C:/ST/STM32CubeIDE_1.16.1/STM32CubeIDE/plugins/com.st.stm32cube.ide.mcu.externaltools.gnu-tools-for-stm32.12.3.rel1.win32_1.0.200.202406191623/tools/bin/../lib/gcc/arm-none-eabi/12.3.1/../../../../arm-none-eabi/lib/thumb/v7e-m+fp/hard\libc_nano.a(libc_a-findfp.o) (_fwalk_sglue)
C:/ST/STM32CubeIDE_1.16.1/STM32CubeIDE/plugins/com.st.stm32cube.ide.mcu.externaltools.gnu-tools-for-stm32.12.3.rel1.win32_1.0.200.202406191623/tools/bin/../lib/gcc/arm-none-eabi/12.3.1/../../../../arm-none-eabi/lib/thumb/v7e-m+fp/hard\libc_nano.a(libc_a-printf.o)
                              ./Core/Src/HapticGloveWrite/bluenrg_init.o (printf)
C:/ST/STM32CubeIDE_1.16.1/STM32CubeIDE/plugins/com.st.stm32cube.ide.mcu.externaltools.gnu-tools-for-stm32.12.3.rel1.win32_1.0.200.202406191623/tools/bin/../lib/gcc/arm-none-eabi/12.3.1/../../../../arm-none-eabi/lib/thumb/v7e-m+fp/hard\libc_nano.a(libc_a-putchar.o)
                              ./Core/Src/HapticGloveWrite/gatt_db.o (putchar)
C:/ST/STM32CubeIDE_1.16.1/STM32CubeIDE/plugins/com.st.stm32cube.ide.mcu.externaltools.gnu-tools-for-stm32.12.3.rel1.win32_1.0.200.202406191623/tools/bin/../lib/gcc/arm-none-eabi/12.3.1/../../../../arm-none-eabi/lib/thumb/v7e-m+fp/hard\libc_nano.a(libc_a-puts.o)
                              ./Core/Src/HapticGloveWrite/bluenrg_init.o (puts)
C:/ST/STM32CubeIDE_1.16.1/STM32CubeIDE/plugins/com.st.stm32cube.ide.mcu.externaltools.gnu-tools-for-stm32.12.3.rel1.win32_1.0.200.202406191623/tools/bin/../lib/gcc/arm-none-eabi/12.3.1/../../../../arm-none-eabi/lib/thumb/v7e-m+fp/hard\libc_nano.a(libc_a-stdio.o)
                              C:/ST/STM32CubeIDE_1.16.1/STM32CubeIDE/plugins/com.st.stm32cube.ide.mcu.externaltools.gnu-tools-for-stm32.12.3.rel1.win32_1.0.200.202406191623/tools/bin/../lib/gcc/arm-none-eabi/12.3.1/../../../../arm-none-eabi/lib/thumb/v7e-m+fp/hard\libc_nano.a(libc_a-findfp.o) (__sread)
C:/ST/STM32CubeIDE_1.16.1/STM32CubeIDE/plugins/com.st.stm32cube.ide.mcu.externaltools.gnu-tools-for-stm32.12.3.rel1.win32_1.0.200.202406191623/tools/bin/../lib/gcc/arm-none-eabi/12.3.1/../../../../arm-none-eabi/lib/thumb/v7e-m+fp/hard\libc_nano.a(libc_a-wbuf.o)
                              C:/ST/STM32CubeIDE_1.16.1/STM32CubeIDE/plugins/com.st.stm32cube.ide.mcu.externaltools.gnu-tools-for-stm32.12.3.rel1.win32_1.0.200.202406191623/tools/bin/../lib/gcc/arm-none-eabi/12.3.1/../../../../arm-none-eabi/lib/thumb/v7e-m+fp/hard\libc_nano.a(libc_a-puts.o) (__swbuf_r)
C:/ST/STM32CubeIDE_1.16.1/STM32CubeIDE/plugins/com.st.stm32cube.ide.mcu.externaltools.gnu-tools-for-stm32.12.3.rel1.win32_1.0.200.202406191623/tools/bin/../lib/gcc/arm-none-eabi/12.3.1/../../../../arm-none-eabi/lib/thumb/v7e-m+fp/hard\libc_nano.a(libc_a-wsetup.o)
                              C:/ST/STM32CubeIDE_1.16.1/STM32CubeIDE/plugins/com.st.stm32cube.ide.mcu.externaltools.gnu-tools-for-stm32.12.3.rel1.win32_1.0.200.202406191623/tools/bin/../lib/gcc/arm-none-eabi/12.3.1/../../../../arm-none-eabi/lib/thumb/v7e-m+fp/hard\libc_nano.a(libc_a-puts.o) (__swsetup_r)
[...]
Memory Configuration

Name             Origin             Length             Attributes
RAM              0x20000000         0x00040000         xrw
RAM2             0x10000000         0x00010000         xrw
FLASH            0x08000000         0x00100000         xr
*default*        0x00000000         0xffffffff

Linker script and memory map

LOAD C:/ST/STM32CubeIDE_1.16.1/STM32CubeIDE/plugins/com.st.stm32cube.ide.mcu.externaltools.gnu-tools-for-stm32.12.3.rel1.win32_1.0.200.202406191623/tools/bin/../lib/gcc/arm-none-eabi/12.3.1/thumb/v7e-m+fp/hard/crti.o
LOAD C:/ST/STM32CubeIDE_1.16.1/STM32CubeIDE/plugins/com.st.stm32cube.ide.mcu.externaltools.gnu-tools-for-stm32.12.3.rel1.win32_1.0.200.202406191623/tools/bin/../lib/gcc/arm-none-eabi/12.3.1/thumb/v7e-m+fp/hard/crtbegin.o
LOAD C:/ST/STM32CubeIDE_1.16.1/STM32CubeIDE/plugins/com.st.stm32cube.ide.mcu.externaltools.gnu-tools-for-stm32.12.3.rel1.win32_1.0.200.202406191623/tools/bin/../lib/gcc/arm-none-eabi/12.3.1/../../../../arm-none-eabi/lib/thumb/v7e-m+fp/hard/crt0.o
LOAD ./BlueNRG-2/Target/hci_tl_interface.o
LOAD ./Core/Src/HapticGloveWrite/bluenrg_init.o
LOAD ./Core/Src/HapticGloveWrite/gatt_db.o
LOAD ./Core/Src/HapticGloveWrite/motor_control.o
LOAD ./Core/Src/HapticGloveWrite/sensor.o
LOAD ./Core/Src/custom_bus.o
LOAD ./Core/Src/main.o
LOAD ./Core/Src/stm32l4xx_hal_msp.o
LOAD ./Core/Src/stm32l4xx_it.o
LOAD ./Core/Src/syscalls.o
LOAD ./Core/Src/sysmem.o
LOAD ./Core/Src/system_stm32l4xx.o
LOAD ./Core/Startup/startup_stm32l496zgtx.o
LOAD ./Drivers/STM32L4xx_HAL_Driver/Src/stm32l4xx_hal.o
LOAD ./Drivers/STM32L4xx_HAL_Driver/Src/stm32l4xx_hal_cortex.o
LOAD ./Drivers/STM32L4xx_HAL_Driver/Src/stm32l4xx_hal_dma.o
LOAD ./Drivers/STM32L4xx_HAL_Driver/Src/stm32l4xx_hal_dma_ex.o
LOAD ./Drivers/STM32L4xx_HAL_Driver/Src/stm32l4xx_hal_exti.o
LOAD ./Drivers/STM32L4xx_HAL_Driver/Src/stm32l4xx_hal_flash.o
LOAD ./Drivers/STM32L4xx_HAL_Driver/Src/stm32l4xx_hal_flash_ex.o
LOAD ./Drivers/STM32L4xx_HAL_Driver/Src/stm32l4xx_hal_flash_ramfunc.o
LOAD ./Drivers/STM32L4xx_HAL_Driver/Src/stm32l4xx_hal_gpio.o
LOAD ./Drivers/STM32L4xx_HAL_Driver/Src/stm32l4xx_hal_i2c.o
LOAD ./Drivers/STM32L4xx_HAL_Driver/Src/stm32l4xx_hal_i2c_ex.o
LOAD ./Drivers/STM32L4xx_HAL_Driver/Src/stm32l4xx_hal_pwr.o
LOAD ./Drivers/STM32L4xx_HAL_Driver/Src/stm32l4xx_hal_pwr_ex.o
LOAD ./Drivers/STM32L4xx_HAL_Driver/Src/stm32l4xx_hal_rcc.o
LOAD ./Drivers/STM32L4xx_HAL_Driver/Src/stm32l4xx_hal_rcc_ex.o
LOAD ./Drivers/STM32L4xx_HAL_Driver/Src/stm32l4xx_hal_spi.o
LOAD ./Drivers/STM32L4xx_HAL_Driver/Src/stm32l4xx_hal_spi_ex.o
LOAD ./Drivers/STM32L4xx_HAL_Driver/Src/stm32l4xx_hal_tim.o
LOAD ./Drivers/STM32L4xx_HAL_Driver/Src/stm32l4xx_hal_tim_ex.o
LOAD ./Drivers/STM32L4xx_HAL_Driver/Src/stm32l4xx_hal_uart.o
LOAD ./Drivers/STM32L4xx_HAL_Driver/Src/stm32l4xx_hal_uart_ex.o
LOAD ./Middlewares/ST/BlueNRG-2/hci/bluenrg1_devConfig.o
LOAD ./Middlewares/ST/BlueNRG-2/hci/bluenrg1_events.o
LOAD ./Middlewares/ST/BlueNRG-2/hci/bluenrg1_events_cb.o
LOAD ./Middlewares/ST/BlueNRG-2/hci/bluenrg1_hci_le.o
LOAD ./Middlewares/ST/BlueNRG-2/hci/controller/bluenrg1_gap_aci.o
LOAD ./Middlewares/ST/BlueNRG-2/hci/controller/bluenrg1_gatt_aci.o
LOAD ./Middlewares/ST/BlueNRG-2/hci/controller/bluenrg1_hal_aci.o
LOAD ./Middlewares/ST/BlueNRG-2/hci/controller/bluenrg1_l2cap_aci.o
LOAD ./Middlewares/ST/BlueNRG-2/hci/hci_tl_patterns/Basic/hci_tl.o
LOAD ./Middlewares/ST/BlueNRG-2/utils/ble_list.o
START GROUP
LOAD C:/ST/STM32CubeIDE_1.16.1/STM32CubeIDE/plugins/com.st.stm32cube.ide.mcu.externaltools.gnu-tools-for-stm32.12.3.rel1.win32_1.0.200.202406191623/tools/bin/../lib/gcc/arm-none-eabi/12.3.1/../../../../arm-none-eabi/lib/thumb/v7e-m+fp/hard\libc_nano.a
LOAD C:/ST/STM32CubeIDE_1.16.1/STM32CubeIDE/plugins/com.st.stm32cube.ide.mcu.externaltools.gnu-tools-for-stm32.12.3.rel1.win32_1.0.200.202406191623/tools/bin/../lib/gcc/arm-none-eabi/12.3.1/../../../../arm-none-eabi/lib/thumb/v7e-m+fp/hard\libm.a
END GROUP
START GROUP
LOAD C:/ST/STM32CubeIDE_1.16.1/STM32CubeIDE/plugins/com.st.stm32cube.ide.mcu.externaltools.gnu-tools-for-stm32.12.3.rel1.win32_1.0.200.202406191623/tools/bin/../lib/gcc/arm-none-eabi/12.3.1/thumb/v7e-m+fp/hard\libgcc.a
LOAD C:/ST/STM32CubeIDE_1.16.1/STM32CubeIDE/plugins/com.st.stm32cube.ide.mcu.externaltools.gnu-tools-for-stm32.12.3.rel1.win32_1.0.200.202406191623/tools/bin/../lib/gcc/arm-none-eabi/12.3.1/../../../../arm-none-eabi/lib/thumb/v7e-m+fp/hard\libc_nano.a
END GROUP
START GROUP
LOAD C:/ST/STM32CubeIDE_1.16.1/STM32CubeIDE/plugins/com.st.stm32cube.ide.mcu.externaltools.gnu-tools-for-stm32.12.3.rel1.win32_1.0.200.202406191623/tools/bin/../lib/gcc/arm-none-eabi/12.3.1/thumb/v7e-m+fp/hard\libgcc.a
LOAD C:/ST/STM32CubeIDE_1.16.1/STM32CubeIDE/plugins/com.st.stm32cube.ide.mcu.externaltools.gnu-tools-for-stm32.12.3.rel1.win32_1.0.200.202406191623/tools/bin/../lib/gcc/arm-none-eabi/12.3.1/../../../../arm-none-eabi/lib/thumb/v7e-m+fp/hard\libc_nano.a
LOAD C:/ST/STM32CubeIDE_1.16.1/STM32CubeIDE/plugins/com.st.stm32cube.ide.mcu.externaltools.gnu-tools-for-stm32.12.3.rel1.win32_1.0.200.202406191623/tools/bin/../lib/gcc/arm-none-eabi/12.3.1/../../../../arm-none-eabi/lib/thumb/v7e-m+fp/hard\libnosys.a
END GROUP
START GROUP
LOAD C:/ST/STM32CubeIDE_1.16.1/STM32CubeIDE/plugins/com.st.stm32cube.ide.mcu.externaltools.gnu-tools-for-stm32.12.3.rel1.win32_1.0.200.202406191623/tools/bin/../lib/gcc/arm-none-eabi/12.3.1/thumb/v7e-m+fp/hard\libgcc.a
LOAD C:/ST/STM32CubeIDE_1.16.1/STM32CubeIDE/plugins/com.st.stm32cube.ide.mcu.externaltools.gnu-tools-for-stm32.12.3.rel1.win32_1.0.200.202406191623/tools/bin/../lib/gcc/arm-none-eabi/12.3.1/../../../../arm-none-eabi/lib/thumb/v7e-m+fp/hard\libc_nano.a
LOAD C:/ST/STM32CubeIDE_1.16.1/STM32CubeIDE/plugins/com.st.stm32cube.ide.mcu.externaltools.gnu-tools-for-stm32.12.3.rel1.win32_1.0.200.202406191623/tools/bin/../lib/gcc/arm-none-eabi/12.3.1/../../../../arm-none-eabi/lib/thumb/v7e-m+fp/hard\libnosys.a
END GROUP
LOAD C:/ST/STM32CubeIDE_1.16.1/STM32CubeIDE/plugins/com.st.stm32cube.ide.mcu.externaltools.gnu-tools-for-stm32.12.3.rel1.win32_1.0.200.202406191623/tools/bin/../lib/gcc/arm-none-eabi/12.3.1/thumb/v7e-m+fp/hard/crtend.o
LOAD C:/ST/STM32CubeIDE_1.16.1/STM32CubeIDE/plugins/com.st.stm32cube.ide.mcu.externaltools.gnu-tools-for-stm32.12.3.rel1.win32_1.0.200.202406191623/tools/bin/../lib/gcc/arm-none-eabi/12.3.1/thumb/v7e-m+fp/hard/crtn.o
                0x20040000                        _estack = (ORIGIN (RAM) + LENGTH (RAM))
                0x00000200                        _Min_Heap_Size = 0x200
                0x00000400                        _Min_Stack_Size = 0x400

.isr_vector     0x08000000      0x1ac
                0x08000000                        . = ALIGN (0x4)
 *(.isr_vector)
 .isr_vector    0x08000000      0x1ac ./Core/Startup/startup_stm32l496zgtx.o
                0x08000000                g_pfnVectors
                0x080001ac                        . = ALIGN (0x4)

.text           0x080001b0     0xb180
                0x080001b0                        . = ALIGN (0x4)
 *(.text)
 .text          0x080001b0       0x40 C:/ST/STM32CubeIDE_1.16.1/STM32CubeIDE/plugins/com.st.stm32cube.ide.mcu.externaltools.gnu-tools-for-stm32.12.3.rel1.win32_1.0.200.202406191623/tools/bin/../lib/gcc/arm-none-eabi/12.3.1/thumb/v7e-m+fp/hard/crtbegin.o
 .text          0x080001f0       0xa0 C:/ST/STM32CubeIDE_1.16.1/STM32CubeIDE/plugins/com.st.stm32cube.ide.mcu.externaltools.gnu-tools-for-stm32.12.3.rel1.win32_1.0.200.202406191623/tools/bin/../lib/gcc/arm-none-eabi/12.3.1/../../../../arm-none-eabi/lib/thumb/v7e-m+fp/hard\libc_nano.a(libc_a-memchr.o)
                0x080001f0                memchr
 .text          0x08000290      0x378 C:/ST/STM32CubeIDE_1.16.1/STM32CubeIDE/plugins/com.st.stm32cube.ide.mcu.externaltools.gnu-tools-for-stm32.12.3.rel1.win32_1.0.200.202406191623/tools/bin/../lib/gcc/arm-none-eabi/12.3.1/thumb/v7e-m+fp/hard\libgcc.a(_arm_addsubdf3.o)
                0x08000290                __aeabi_drsub
                0x08000298                __aeabi_dsub
                0x08000298                __subdf3
                0x0800029c                __aeabi_dadd
                0x0800029c                __adddf3
                0x08000514                __floatunsidf
                0x08000514                __aeabi_ui2d
                0x08000534                __floatsidf
                0x08000534                __aeabi_i2d
                0x08000558                __aeabi_f2d
                0x08000558                __extendsfdf2
                0x0800059c                __floatundidf
                0x0800059c                __aeabi_ul2d
                0x080005ac                __floatdidf
                0x080005ac                __aeabi_l2d
 .text          0x08000608       0xa0 C:/ST/STM32CubeIDE_1.16.1/STM32CubeIDE/plugins/com.st.stm32cube.ide.mcu.externaltools.gnu-tools-for-stm32.12.3.rel1.win32_1.0.200.202406191623/tools/bin/../lib/gcc/arm-none-eabi/12.3.1/thumb/v7e-m+fp/hard\libgcc.a(_arm_truncdfsf2.o)
                0x08000608                __truncdfsf2
                0x08000608                __aeabi_d2f
 .text          0x080006a8       0x30 C:/ST/STM32CubeIDE_1.16.1/STM32CubeIDE/plugins/com.st.stm32cube.ide.mcu.externaltools.gnu-tools-for-stm32.12.3.rel1.win32_1.0.200.202406191623/tools/bin/../lib/gcc/arm-none-eabi/12.3.1/thumb/v7e-m+fp/hard\libgcc.a(_aeabi_uldivmod.o)
                0x080006a8                __aeabi_uldivmod
 .text          0x080006d8      0x2bc C:/ST/STM32CubeIDE_1.16.1/STM32CubeIDE/plugins/com.st.stm32cube.ide.mcu.externaltools.gnu-tools-for-stm32.12.3.rel1.win32_1.0.200.202406191623/tools/bin/../lib/gcc/arm-none-eabi/12.3.1/thumb/v7e-m+fp/hard\libgcc.a(_udivmoddi4.o)
                0x080006d8                __udivmoddi4
 .text          0x08000994        0x4 C:/ST/STM32CubeIDE_1.16.1/STM32CubeIDE/plugins/com.st.stm32cube.ide.mcu.externaltools.gnu-tools-for-stm32.12.3.rel1.win32_1.0.200.202406191623/tools/bin/../lib/gcc/arm-none-eabi/12.3.1/thumb/v7e-m+fp/hard\libgcc.a(_dvmd_tls.o)
                0x08000994                __aeabi_idiv0
                0x08000994                __aeabi_ldiv0
 *(.text*)
 .text.HCI_TL_SPI_Enable_IRQ
                0x08000998        0xe ./BlueNRG-2/Target/hci_tl_interface.o
 .text.HCI_TL_SPI_Disable_IRQ
                0x080009a6        0xe ./BlueNRG-2/Target/hci_tl_interface.o
 .text.HCI_TL_SPI_Init
                0x080009b4       0x9c ./BlueNRG-2/Target/hci_tl_interface.o
                0x080009b4                HCI_TL_SPI_Init
 .text.HCI_TL_SPI_DeInit
                0x08000a50       0x30 ./BlueNRG-2/Target/hci_tl_interface.o
                0x08000a50                HCI_TL_SPI_DeInit
 .text.HCI_TL_SPI_Reset
                0x08000a80       0x40 ./BlueNRG-2/Target/hci_tl_interface.o
                0x08000a80                HCI_TL_SPI_Reset
 .text.HCI_TL_SPI_Receive
                0x08000ac0       0xe4 ./BlueNRG-2/Target/hci_tl_interface.o
                0x08000ac0                HCI_TL_SPI_Receive
 .text.HCI_TL_SPI_Send
                0x08000ba4      0x118 ./BlueNRG-2/Target/hci_tl_interface.o
                0x08000ba4                HCI_TL_SPI_Send
 .text.IsDataAvailable
                0x08000cbc       0x1e ./BlueNRG-2/Target/hci_tl_interface.o
 *fill*         0x08000cda        0x2 
 .text.hci_tl_lowlevel_init
                0x08000cdc       0x74 ./BlueNRG-2/Target/hci_tl_interface.o
                0x08000cdc                hci_tl_lowlevel_init
 .text.hci_tl_lowlevel_isr
                0x08000d50       0x22 ./BlueNRG-2/Target/hci_tl_interface.o
                0x08000d50                hci_tl_lowlevel_isr
 *fill*         0x08000d72        0x2 
 .text.MX_BlueNRG_2_Init
                0x08000d74       0x68 ./Core/Src/HapticGloveWrite/bluenrg_init.o
                0x08000d74                MX_BlueNRG_2_Init
 .text.MX_BlueNRG_2_Process
                0x08000ddc       0x10 ./Core/Src/HapticGloveWrite/bluenrg_init.o
                0x08000ddc                MX_BlueNRG_2_Process
 .text.User_Init
                0x08000dec        0xe ./Core/Src/HapticGloveWrite/bluenrg_init.o
 *fill*         0x08000dfa        0x2 
 .text.Sensor_DeviceInit
                0x08000dfc      0x208 ./Core/Src/HapticGloveWrite/bluenrg_init.o
 .text.User_Process
                0x08001004      0x11c ./Core/Src/HapticGloveWrite/bluenrg_init.o
 .text.getBlueNRGVersion
                0x08001120       0x88 ./Core/Src/HapticGloveWrite/bluenrg_init.o
                0x08001120                getBlueNRGVersion
 .text.hci_le_connection_complete_event
                0x080011a8       0xb8 ./Core/Src/HapticGloveWrite/bluenrg_init.o
                0x080011a8                hci_le_connection_complete_event
 .text.hci_disconnection_complete_event
                0x08001260       0x68 ./Core/Src/HapticGloveWrite/bluenrg_init.o
                0x08001260                hci_disconnection_complete_event
 .text.aci_gatt_read_permit_req_event
                0x080012c8       0x22 ./Core/Src/HapticGloveWrite/bluenrg_init.o
                0x080012c8                aci_gatt_read_permit_req_event
 *fill*         0x080012ea        0x2 
 .text.aci_gatt_attribute_modified_event
                0x080012ec       0x4c ./Core/Src/HapticGloveWrite/bluenrg_init.o
                0x080012ec                aci_gatt_attribute_modified_event
 .text.aci_gap_pass_key_req_event
                0x08001338       0x4c ./Core/Src/HapticGloveWrite/bluenrg_init.o
                0x08001338                aci_gap_pass_key_req_event
 .text.aci_gap_pairing_complete_event
                0x08001384       0x60 ./Core/Src/HapticGloveWrite/bluenrg_init.o
                0x08001384                aci_gap_pairing_complete_event
 .text.Add_HWServW2ST_Service
                0x080013e4      0x10c ./Core/Src/HapticGloveWrite/gatt_db.o
                0x080013e4                Add_HWServW2ST_Service
 .text.Read_Request_CB
                0x080014f0      0x15c ./Core/Src/HapticGloveWrite/gatt_db.o
                0x080014f0                Read_Request_CB
 .text.printBits
                0x0800164c       0x74 ./Core/Src/HapticGloveWrite/gatt_db.o
                0x0800164c                printBits
 .text.compare_floats
                0x080016c0       0x3e ./Core/Src/HapticGloveWrite/gatt_db.o
                0x080016c0                compare_floats
 *fill*         0x080016fe        0x2 
 .text.Attribute_Modified_Request_CB
                0x08001700      0x274 ./Core/Src/HapticGloveWrite/gatt_db.o
                0x08001700                Attribute_Modified_Request_CB
 .text.Set_DeviceConnectable
                0x08001974      0x118 ./Core/Src/HapticGloveWrite/sensor.o
                0x08001974                Set_DeviceConnectable
 .text.APP_UserEvtRx
                0x08001a8c       0xf0 ./Core/Src/HapticGloveWrite/sensor.o
                0x08001a8c                APP_UserEvtRx
 .text.BSP_SPI1_Init
                0x08001b7c       0x60 ./Core/Src/custom_bus.o
                0x08001b7c                BSP_SPI1_Init
 .text.BSP_SPI1_SendRecv
                0x08001bdc       0x40 ./Core/Src/custom_bus.o
                0x08001bdc                BSP_SPI1_SendRecv
 .text.BSP_GetTick
                0x08001c1c        0xe ./Core/Src/custom_bus.o
                0x08001c1c                BSP_GetTick
 *fill*         0x08001c2a        0x2 
 .text.MX_SPI1_Init
                0x08001c2c       0x84 ./Core/Src/custom_bus.o
                0x08001c2c                MX_SPI1_Init
 .text.SPI1_MspInit
                0x08001cb0       0xac ./Core/Src/custom_bus.o
 .text.change_pwm_pulse
                0x08001d5c       0x72 ./Core/Src/main.o
                0x08001d5c                change_pwm_pulse
 .text.change_pwm_pulse_2
                0x08001dce       0x70 ./Core/Src/main.o
                0x08001dce                change_pwm_pulse_2
 *fill*         0x08001e3e        0x2 
 .text.main     0x08001e40       0x8c ./Core/Src/main.o
                0x08001e40                main
 .text.SystemClock_Config
                0x08001ecc       0x8c ./Core/Src/main.o
                0x08001ecc                SystemClock_Config
 .text.MX_LPUART1_UART_Init
                0x08001f58       0x58 ./Core/Src/main.o
 .text.MX_USART3_UART_Init
                0x08001fb0       0x60 ./Core/Src/main.o
 .text.MX_TIM1_Init
                0x08002010      0x118 ./Core/Src/main.o
 .text.MX_TIM2_Init
                0x08002128       0xc8 ./Core/Src/main.o
 .text.MX_TIM16_Init
                0x080021f0       0xec ./Core/Src/main.o
 .text.MX_GPIO_Init
                0x080022dc      0x1ac ./Core/Src/main.o
 .text.__io_putchar
                0x08002488       0x24 ./Core/Src/main.o
                0x08002488                __io_putchar
 .text._write   0x080024ac       0x44 ./Core/Src/main.o
                0x080024ac                _write
 .text.Error_Handler
                0x080024f0        0xc ./Core/Src/main.o
                0x080024f0                Error_Handler
 .text.HAL_MspInit
                0x080024fc       0x48 ./Core/Src/stm32l4xx_hal_msp.o
                0x080024fc                HAL_MspInit
 .text.HAL_UART_MspInit
                0x08002544      0x14c ./Core/Src/stm32l4xx_hal_msp.o
                0x08002544                HAL_UART_MspInit
 .text.HAL_TIM_PWM_MspInit
                0x08002690       0x64 ./Core/Src/stm32l4xx_hal_msp.o
                0x08002690                HAL_TIM_PWM_MspInit
 .text.HAL_TIM_Base_MspInit
                0x080026f4       0x40 ./Core/Src/stm32l4xx_hal_msp.o
                0x080026f4                HAL_TIM_Base_MspInit
 .text.HAL_TIM_MspPostInit
                0x08002734      0x104 ./Core/Src/stm32l4xx_hal_msp.o
                0x08002734                HAL_TIM_MspPostInit
 .text.NMI_Handler
                0x08002838        0x8 ./Core/Src/stm32l4xx_it.o
                0x08002838                NMI_Handler
 .text.HardFault_Handler
                0x08002840        0x8 ./Core/Src/stm32l4xx_it.o
                0x08002840                HardFault_Handler
 .text.MemManage_Handler
                0x08002848        0x8 ./Core/Src/stm32l4xx_it.o
                0x08002848                MemManage_Handler
 .text.BusFault_Handler
                0x08002850        0x8 ./Core/Src/stm32l4xx_it.o
                0x08002850                BusFault_Handler
 .text.UsageFault_Handler
                0x08002858        0x8 ./Core/Src/stm32l4xx_it.o
                0x08002858                UsageFault_Handler
 .text.SVC_Handler
                0x08002860        0xe ./Core/Src/stm32l4xx_it.o
                0x08002860                SVC_Handler
 .text.DebugMon_Handler
                0x0800286e        0xe ./Core/Src/stm32l4xx_it.o
                0x0800286e                DebugMon_Handler
 .text.PendSV_Handler
                0x0800287c        0xe ./Core/Src/stm32l4xx_it.o
                0x0800287c                PendSV_Handler
 .text.SysTick_Handler
                0x0800288a        0xc ./Core/Src/stm32l4xx_it.o
                0x0800288a                SysTick_Handler
 *fill*         0x08002896        0x2 
 .text.EXTI3_IRQHandler
                0x08002898       0x14 ./Core/Src/stm32l4xx_it.o
                0x08002898                EXTI3_IRQHandler
 .text.EXTI15_10_IRQHandler
                0x080028ac       0x10 ./Core/Src/stm32l4xx_it.o
                0x080028ac                EXTI15_10_IRQHandler
 .text._getpid  0x080028bc       0x10 ./Core/Src/syscalls.o
                0x080028bc                _getpid
 .text._kill    0x080028cc       0x20 ./Core/Src/syscalls.o
                0x080028cc                _kill
 .text._exit    0x080028ec       0x16 ./Core/Src/syscalls.o
                0x080028ec                _exit
 .text._read    0x08002902       0x3a ./Core/Src/syscalls.o
                0x08002902                _read
 .text._close   0x0800293c       0x18 ./Core/Src/syscalls.o
                0x0800293c                _close
 .text._fstat   0x08002954       0x20 ./Core/Src/syscalls.o
                0x08002954                _fstat
 .text._isatty  0x08002974       0x16 ./Core/Src/syscalls.o
                0x08002974                _isatty
 .text._lseek   0x0800298a       0x1a ./Core/Src/syscalls.o
                0x0800298a                _lseek
 .text._sbrk    0x080029a4       0x6c ./Core/Src/sysmem.o
                0x080029a4                _sbrk
 .text.SystemInit
                0x08002a10       0x24 ./Core/Src/system_stm32l4xx.o
                0x08002a10                SystemInit
 .text.Reset_Handler
                0x08002a34       0x50 ./Core/Startup/startup_stm32l496zgtx.o
                0x08002a34                Reset_Handler
 .text.Default_Handler
                0x08002a84        0x2 ./Core/Startup/startup_stm32l496zgtx.o
                0x08002a84                RTC_Alarm_IRQHandler
                0x08002a84                EXTI2_IRQHandler
                0x08002a84                TIM8_TRG_COM_IRQHandler
                0x08002a84                TIM8_CC_IRQHandler
                0x08002a84                TIM1_CC_IRQHandler
                0x08002a84                TSC_IRQHandler
                0x08002a84                TAMP_STAMP_IRQHandler
                0x08002a84                CAN2_RX1_IRQHandler
                0x08002a84                LPTIM2_IRQHandler
                0x08002a84                DFSDM1_FLT1_IRQHandler
                0x08002a84                I2C3_ER_IRQHandler
                0x08002a84                DFSDM1_FLT2_IRQHandler
                0x08002a84                EXTI0_IRQHandler
                0x08002a84                I2C2_EV_IRQHandler
                0x08002a84                CAN1_RX0_IRQHandler
                0x08002a84                FPU_IRQHandler
                0x08002a84                TIM1_UP_TIM16_IRQHandler
                0x08002a84                CAN2_SCE_IRQHandler
                0x08002a84                ADC1_2_IRQHandler
                0x08002a84                SPI1_IRQHandler
                0x08002a84                TIM6_DAC_IRQHandler
                0x08002a84                DCMI_IRQHandler
                0x08002a84                CAN2_RX0_IRQHandler
                0x08002a84                TIM8_UP_IRQHandler
                0x08002a84                DMA2_Channel2_IRQHandler
                0x08002a84                DMA1_Channel4_IRQHandler
                0x08002a84                SAI2_IRQHandler
                0x08002a84                DFSDM1_FLT3_IRQHandler
                0x08002a84                USART3_IRQHandler
                0x08002a84                DMA1_Channel7_IRQHandler
                0x08002a84                CAN1_RX1_IRQHandler
                0x08002a84                LCD_IRQHandler
                0x08002a84                UART5_IRQHandler
                0x08002a84                ADC3_IRQHandler
                0x08002a84                TIM4_IRQHandler
                0x08002a84                DMA2_Channel1_IRQHandler
                0x08002a84                QUADSPI_IRQHandler
                0x08002a84                I2C1_EV_IRQHandler
                0x08002a84                DMA1_Channel6_IRQHandler
                0x08002a84                UART4_IRQHandler
                0x08002a84                DMA2_Channel4_IRQHandler
                0x08002a84                TIM3_IRQHandler
                0x08002a84                RCC_IRQHandler
                0x08002a84                DMA1_Channel1_IRQHandler
                0x08002a84                Default_Handler
                0x08002a84                DMA2_Channel7_IRQHandler
                0x08002a84                TIM7_IRQHandler
                0x08002a84                SDMMC1_IRQHandler
                0x08002a84                CAN2_TX_IRQHandler
                0x08002a84                TIM5_IRQHandler
                0x08002a84                I2C3_EV_IRQHandler
                0x08002a84                EXTI9_5_IRQHandler
                0x08002a84                RTC_WKUP_IRQHandler
                0x08002a84                PVD_PVM_IRQHandler
                0x08002a84                SPI2_IRQHandler
                0x08002a84                CAN1_TX_IRQHandler
                0x08002a84                DMA2_Channel5_IRQHandler
                0x08002a84                CRS_IRQHandler
                0x08002a84                DMA1_Channel5_IRQHandler
                0x08002a84                EXTI4_IRQHandler
                0x08002a84                RNG_IRQHandler
                0x08002a84                TIM1_TRG_COM_TIM17_IRQHandler
                0x08002a84                DMA1_Channel3_IRQHandler
                0x08002a84                COMP_IRQHandler
                0x08002a84                WWDG_IRQHandler
                0x08002a84                I2C4_EV_IRQHandler
                0x08002a84                LPUART1_IRQHandler
                0x08002a84                DMA2_Channel6_IRQHandler
                0x08002a84                TIM2_IRQHandler
                0x08002a84                EXTI1_IRQHandler
                0x08002a84                USART2_IRQHandler
                0x08002a84                DFSDM1_FLT0_IRQHandler
                0x08002a84                I2C2_ER_IRQHandler
                0x08002a84                DMA1_Channel2_IRQHandler
                0x08002a84                TIM8_BRK_IRQHandler
                0x08002a84                CAN1_SCE_IRQHandler
                0x08002a84                FLASH_IRQHandler
                0x08002a84                USART1_IRQHandler
                0x08002a84                OTG_FS_IRQHandler
                0x08002a84                SPI3_IRQHandler
                0x08002a84                I2C1_ER_IRQHandler
                0x08002a84                FMC_IRQHandler
                0x08002a84                SWPMI1_IRQHandler
                0x08002a84                LPTIM1_IRQHandler
                0x08002a84                I2C4_ER_IRQHandler
                0x08002a84                SAI1_IRQHandler
                0x08002a84                DMA2_Channel3_IRQHandler
                0x08002a84                TIM1_BRK_TIM15_IRQHandler
 .text.HAL_Init
                0x08002a86       0x30 ./Drivers/STM32L4xx_HAL_Driver/Src/stm32l4xx_hal.o
                0x08002a86                HAL_Init
 *fill*         0x08002ab6        0x2 
 .text.HAL_InitTick
                0x08002ab8       0x78 ./Drivers/STM32L4xx_HAL_Driver/Src/stm32l4xx_hal.o
                0x08002ab8                HAL_InitTick
 .text.HAL_IncTick
                0x08002b30       0x28 ./Drivers/STM32L4xx_HAL_Driver/Src/stm32l4xx_hal.o
                0x08002b30                HAL_IncTick
 .text.HAL_GetTick
                0x08002b58       0x18 ./Drivers/STM32L4xx_HAL_Driver/Src/stm32l4xx_hal.o
                0x08002b58                HAL_GetTick
 .text.HAL_Delay
                0x08002b70       0x48 ./Drivers/STM32L4xx_HAL_Driver/Src/stm32l4xx_hal.o
                0x08002b70                HAL_Delay
 .text.__NVIC_SetPriorityGrouping
                0x08002bb8       0x48 ./Drivers/STM32L4xx_HAL_Driver/Src/stm32l4xx_hal_cortex.o
 .text.__NVIC_GetPriorityGrouping
                0x08002c00       0x1c ./Drivers/STM32L4xx_HAL_Driver/Src/stm32l4xx_hal_cortex.o
 .text.__NVIC_EnableIRQ
                0x08002c1c       0x3c ./Drivers/STM32L4xx_HAL_Driver/Src/stm32l4xx_hal_cortex.o
 .text.__NVIC_DisableIRQ
                0x08002c58       0x48 ./Drivers/STM32L4xx_HAL_Driver/Src/stm32l4xx_hal_cortex.o
 .text.__NVIC_SetPriority
                0x08002ca0       0x54 ./Drivers/STM32L4xx_HAL_Driver/Src/stm32l4xx_hal_cortex.o
 .text.NVIC_EncodePriority
                0x08002cf4       0x66 ./Drivers/STM32L4xx_HAL_Driver/Src/stm32l4xx_hal_cortex.o
 *fill*         0x08002d5a        0x2 
 .text.SysTick_Config
                0x08002d5c       0x44 ./Drivers/STM32L4xx_HAL_Driver/Src/stm32l4xx_hal_cortex.o
 .text.HAL_NVIC_SetPriorityGrouping
                0x08002da0       0x16 ./Drivers/STM32L4xx_HAL_Driver/Src/stm32l4xx_hal_cortex.o
                0x08002da0                HAL_NVIC_SetPriorityGrouping
 .text.HAL_NVIC_SetPriority
                0x08002db6       0x38 ./Drivers/STM32L4xx_HAL_Driver/Src/stm32l4xx_hal_cortex.o
                0x08002db6                HAL_NVIC_SetPriority
 .text.HAL_NVIC_EnableIRQ
                0x08002dee       0x1c ./Drivers/STM32L4xx_HAL_Driver/Src/stm32l4xx_hal_cortex.o
                0x08002dee                HAL_NVIC_EnableIRQ
 .text.HAL_NVIC_DisableIRQ
                0x08002e0a       0x1c ./Drivers/STM32L4xx_HAL_Driver/Src/stm32l4xx_hal_cortex.o
                0x08002e0a                HAL_NVIC_DisableIRQ
 .text.HAL_SYSTICK_Config
                0x08002e26       0x18 ./Drivers/STM32L4xx_HAL_Driver/Src/stm32l4xx_hal_cortex.o
                0x08002e26                HAL_SYSTICK_Config
 .text.HAL_EXTI_RegisterCallback
                0x08002e3e       0x34 ./Drivers/STM32L4xx_HAL_Driver/Src/stm32l4xx_hal_exti.o
                0x08002e3e                HAL_EXTI_RegisterCallback
 .text.HAL_EXTI_GetHandle
                0x08002e72       0x28 ./Drivers/STM32L4xx_HAL_Driver/Src/stm32l4xx_hal_exti.o
                0x08002e72                HAL_EXTI_GetHandle
 *fill*         0x08002e9a        0x2 
 .text.HAL_EXTI_IRQHandler
                0x08002e9c       0x60 ./Drivers/STM32L4xx_HAL_Driver/Src/stm32l4xx_hal_exti.o
                0x08002e9c                HAL_EXTI_IRQHandler
 .text.HAL_GPIO_Init
                0x08002efc      0x324 ./Drivers/STM32L4xx_HAL_Driver/Src/stm32l4xx_hal_gpio.o
                0x08002efc                HAL_GPIO_Init
 .text.HAL_GPIO_DeInit
                0x08003220      0x1e4 ./Drivers/STM32L4xx_HAL_Driver/Src/stm32l4xx_hal_gpio.o
                0x08003220                HAL_GPIO_DeInit
 .text.HAL_GPIO_ReadPin
                0x08003404       0x30 ./Drivers/STM32L4xx_HAL_Driver/Src/stm32l4xx_hal_gpio.o
                0x08003404                HAL_GPIO_ReadPin
 .text.HAL_GPIO_WritePin
                0x08003434       0x30 ./Drivers/STM32L4xx_HAL_Driver/Src/stm32l4xx_hal_gpio.o
                0x08003434                HAL_GPIO_WritePin
 .text.HAL_GPIO_TogglePin
                0x08003464       0x34 ./Drivers/STM32L4xx_HAL_Driver/Src/stm32l4xx_hal_gpio.o
                0x08003464                HAL_GPIO_TogglePin
 .text.HAL_GPIO_EXTI_IRQHandler
                0x08003498       0x30 ./Drivers/STM32L4xx_HAL_Driver/Src/stm32l4xx_hal_gpio.o
                0x08003498                HAL_GPIO_EXTI_IRQHandler
 .text.HAL_GPIO_EXTI_Callback
                0x080034c8       0x16 ./Drivers/STM32L4xx_HAL_Driver/Src/stm32l4xx_hal_gpio.o
                0x080034c8                HAL_GPIO_EXTI_Callback
 *fill*         0x080034de        0x2 
 .text.HAL_PWREx_GetVoltageRange
                0x080034e0       0x1c ./Drivers/STM32L4xx_HAL_Driver/Src/stm32l4xx_hal_pwr_ex.o
                0x080034e0                HAL_PWREx_GetVoltageRange
 .text.HAL_PWREx_ControlVoltageScaling
                0x080034fc       0xac ./Drivers/STM32L4xx_HAL_Driver/Src/stm32l4xx_hal_pwr_ex.o
                0x080034fc                HAL_PWREx_ControlVoltageScaling
 .text.HAL_PWREx_EnableVddIO2
                0x080035a8       0x20 ./Drivers/STM32L4xx_HAL_Driver/Src/stm32l4xx_hal_pwr_ex.o
                0x080035a8                HAL_PWREx_EnableVddIO2
 .text.HAL_RCC_OscConfig
                0x080035c8      0x834 ./Drivers/STM32L4xx_HAL_Driver/Src/stm32l4xx_hal_rcc.o
                0x080035c8                HAL_RCC_OscConfig
 .text.HAL_RCC_ClockConfig
                0x08003dfc      0x200 ./Drivers/STM32L4xx_HAL_Driver/Src/stm32l4xx_hal_rcc.o
                0x08003dfc                HAL_RCC_ClockConfig
 .text.HAL_RCC_GetSysClockFreq
                0x08003ffc      0x118 ./Drivers/STM32L4xx_HAL_Driver/Src/stm32l4xx_hal_rcc.o
                0x08003ffc                HAL_RCC_GetSysClockFreq
 .text.HAL_RCC_GetHCLKFreq
                0x08004114       0x18 ./Drivers/STM32L4xx_HAL_Driver/Src/stm32l4xx_hal_rcc.o
                0x08004114                HAL_RCC_GetHCLKFreq
 .text.HAL_RCC_GetPCLK1Freq
                0x0800412c       0x2c ./Drivers/STM32L4xx_HAL_Driver/Src/stm32l4xx_hal_rcc.o
                0x0800412c                HAL_RCC_GetPCLK1Freq
 .text.HAL_RCC_GetPCLK2Freq
                0x08004158       0x2c ./Drivers/STM32L4xx_HAL_Driver/Src/stm32l4xx_hal_rcc.o
                0x08004158                HAL_RCC_GetPCLK2Freq
 .text.RCC_SetFlashLatencyFromMSIRange
                0x08004184       0xc0 ./Drivers/STM32L4xx_HAL_Driver/Src/stm32l4xx_hal_rcc.o
 .text.HAL_RCCEx_PeriphCLKConfig
                0x08004244      0x5f8 ./Drivers/STM32L4xx_HAL_Driver/Src/stm32l4xx_hal_rcc_ex.o
                0x08004244                HAL_RCCEx_PeriphCLKConfig
 .text.RCCEx_PLLSAI1_Config
                0x0800483c      0x1e4 ./Drivers/STM32L4xx_HAL_Driver/Src/stm32l4xx_hal_rcc_ex.o
 .text.RCCEx_PLLSAI2_Config
                0x08004a20      0x1b8 ./Drivers/STM32L4xx_HAL_Driver/Src/stm32l4xx_hal_rcc_ex.o
 .text.HAL_SPI_Init
                0x08004bd8      0x146 ./Drivers/STM32L4xx_HAL_Driver/Src/stm32l4xx_hal_spi.o
                0x08004bd8                HAL_SPI_Init
 .text.HAL_SPI_MspInit
                0x08004d1e       0x14 ./Drivers/STM32L4xx_HAL_Driver/Src/stm32l4xx_hal_spi.o
                0x08004d1e                HAL_SPI_MspInit
 .text.HAL_SPI_TransmitReceive
                0x08004d32      0x43e ./Drivers/STM32L4xx_HAL_Driver/Src/stm32l4xx_hal_spi.o
                0x08004d32                HAL_SPI_TransmitReceive
 .text.HAL_SPI_GetState
                0x08005170       0x1c ./Drivers/STM32L4xx_HAL_Driver/Src/stm32l4xx_hal_spi.o
                0x08005170                HAL_SPI_GetState
 .text.SPI_WaitFlagStateUntilTimeout
                0x0800518c      0x110 ./Drivers/STM32L4xx_HAL_Driver/Src/stm32l4xx_hal_spi.o
 .text.SPI_WaitFifoStateUntilTimeout
                0x0800529c      0x12c ./Drivers/STM32L4xx_HAL_Driver/Src/stm32l4xx_hal_spi.o
 .text.SPI_EndRxTxTransaction
                0x080053c8       0x8c ./Drivers/STM32L4xx_HAL_Driver/Src/stm32l4xx_hal_spi.o
 .text.HAL_TIM_Base_Init
                0x08005454       0xae ./Drivers/STM32L4xx_HAL_Driver/Src/stm32l4xx_hal_tim.o
                0x08005454                HAL_TIM_Base_Init
 *fill*         0x08005502        0x2 
 .text.HAL_TIM_Base_Start
                0x08005504       0xd0 ./Drivers/STM32L4xx_HAL_Driver/Src/stm32l4xx_hal_tim.o
                0x08005504                HAL_TIM_Base_Start
 .text.HAL_TIM_Base_Start_IT
                0x080055d4       0xe0 ./Drivers/STM32L4xx_HAL_Driver/Src/stm32l4xx_hal_tim.o
                0x080055d4                HAL_TIM_Base_Start_IT
 .text.HAL_TIM_PWM_Init
                0x080056b4       0xae ./Drivers/STM32L4xx_HAL_Driver/Src/stm32l4xx_hal_tim.o
                0x080056b4                HAL_TIM_PWM_Init
 *fill*         0x08005762        0x2 
 .text.HAL_TIM_PWM_Start
                0x08005764      0x20c ./Drivers/STM32L4xx_HAL_Driver/Src/stm32l4xx_hal_tim.o
                0x08005764                HAL_TIM_PWM_Start
 .text.HAL_TIM_PWM_ConfigChannel
                0x08005970      0x228 ./Drivers/STM32L4xx_HAL_Driver/Src/stm32l4xx_hal_tim.o
                0x08005970                HAL_TIM_PWM_ConfigChannel
 .text.TIM_Base_SetConfig
                0x08005b98      0x14c ./Drivers/STM32L4xx_HAL_Driver/Src/stm32l4xx_hal_tim.o
                0x08005b98                TIM_Base_SetConfig
 .text.TIM_OC1_SetConfig
                0x08005ce4      0x120 ./Drivers/STM32L4xx_HAL_Driver/Src/stm32l4xx_hal_tim.o
 .text.TIM_OC2_SetConfig
                0x08005e04      0x114 ./Drivers/STM32L4xx_HAL_Driver/Src/stm32l4xx_hal_tim.o
                0x08005e04                TIM_OC2_SetConfig
 .text.TIM_OC3_SetConfig
                0x08005f18      0x110 ./Drivers/STM32L4xx_HAL_Driver/Src/stm32l4xx_hal_tim.o
 .text.TIM_OC4_SetConfig
                0x08006028       0xd4 ./Drivers/STM32L4xx_HAL_Driver/Src/stm32l4xx_hal_tim.o
 .text.TIM_OC5_SetConfig
                0x080060fc       0xc8 ./Drivers/STM32L4xx_HAL_Driver/Src/stm32l4xx_hal_tim.o
 .text.TIM_OC6_SetConfig
                0x080061c4       0xcc ./Drivers/STM32L4xx_HAL_Driver/Src/stm32l4xx_hal_tim.o
 .text.TIM_CCxChannelCmd
                0x08006290       0x4a ./Drivers/STM32L4xx_HAL_Driver/Src/stm32l4xx_hal_tim.o
                0x08006290                TIM_CCxChannelCmd
 *fill*         0x080062da        0x2 
 .text.HAL_TIMEx_MasterConfigSynchronization
                0x080062dc      0x110 ./Drivers/STM32L4xx_HAL_Driver/Src/stm32l4xx_hal_tim_ex.o
                0x080062dc                HAL_TIMEx_MasterConfigSynchronization
 .text.HAL_TIMEx_ConfigBreakDeadTime
                0x080063ec       0xfc ./Drivers/STM32L4xx_HAL_Driver/Src/stm32l4xx_hal_tim_ex.o
                0x080063ec                HAL_TIMEx_ConfigBreakDeadTime
 .text.HAL_UART_Init
                0x080064e8       0x9c ./Drivers/STM32L4xx_HAL_Driver/Src/stm32l4xx_hal_uart.o
                0x080064e8                HAL_UART_Init
 .text.HAL_UART_Transmit
                0x08006584      0x112 ./Drivers/STM32L4xx_HAL_Driver/Src/stm32l4xx_hal_uart.o
                0x08006584                HAL_UART_Transmit
 *fill*         0x08006696        0x2 
 .text.UART_SetConfig
                0x08006698      0x570 ./Drivers/STM32L4xx_HAL_Driver/Src/stm32l4xx_hal_uart.o
                0x08006698                UART_SetConfig
 .text.UART_AdvFeatureConfig
                0x08006c08      0x144 ./Drivers/STM32L4xx_HAL_Driver/Src/stm32l4xx_hal_uart.o
                0x08006c08                UART_AdvFeatureConfig
 .text.UART_CheckIdleState
                0x08006d4c      0x150 ./Drivers/STM32L4xx_HAL_Driver/Src/stm32l4xx_hal_uart.o
                0x08006d4c                UART_CheckIdleState
 .text.UART_WaitOnFlagUntilTimeout
                0x08006e9c       0xda ./Drivers/STM32L4xx_HAL_Driver/Src/stm32l4xx_hal_uart.o
                0x08006e9c                UART_WaitOnFlagUntilTimeout
 .text.UART_EndRxTransfer
                0x08006f76       0xc8 ./Drivers/STM32L4xx_HAL_Driver/Src/stm32l4xx_hal_uart.o
 .text.hci_disconnection_complete_event_process
                0x0800703e       0x30 ./Middlewares/ST/BlueNRG-2/hci/bluenrg1_events.o
                0x0800703e                hci_disconnection_complete_event_process
 .text.hci_encryption_change_event_process
                0x0800706e       0x30 ./Middlewares/ST/BlueNRG-2/hci/bluenrg1_events.o
                0x0800706e                hci_encryption_change_event_process
 .text.hci_read_remote_version_information_complete_event_process
                0x0800709e       0x3e ./Middlewares/ST/BlueNRG-2/hci/bluenrg1_events.o
                0x0800709e                hci_read_remote_version_information_complete_event_process
 .text.hci_hardware_error_event_process
                0x080070dc       0x24 ./Middlewares/ST/BlueNRG-2/hci/bluenrg1_events.o
                0x080070dc                hci_hardware_error_event_process
 .text.hci_number_of_completed_packets_event_process
                0x08007100       0xae ./Middlewares/ST/BlueNRG-2/hci/bluenrg1_events.o
                0x08007100                hci_number_of_completed_packets_event_process
 .text.hci_data_buffer_overflow_event_process
                0x080071ae       0x24 ./Middlewares/ST/BlueNRG-2/hci/bluenrg1_events.o
                0x080071ae                hci_data_buffer_overflow_event_process
 .text.hci_encryption_key_refresh_complete_event_process
                0x080071d2       0x2e ./Middlewares/ST/BlueNRG-2/hci/bluenrg1_events.o
                0x080071d2                hci_encryption_key_refresh_complete_event_process
 .text.aci_blue_initialized_event_process
                0x08007200       0x24 ./Middlewares/ST/BlueNRG-2/hci/bluenrg1_events.o
                0x08007200                aci_blue_initialized_event_process
 .text.aci_blue_events_lost_event_process
                0x08007224       0x22 ./Middlewares/ST/BlueNRG-2/hci/bluenrg1_events.o
                0x08007224                aci_blue_events_lost_event_process
 .text.aci_blue_crash_info_event_process
                0x08007246       0x84 ./Middlewares/ST/BlueNRG-2/hci/bluenrg1_events.o
                0x08007246                aci_blue_crash_info_event_process
 .text.aci_hal_end_of_radio_activity_event_process
                0x080072ca       0x2e ./Middlewares/ST/BlueNRG-2/hci/bluenrg1_events.o
                0x080072ca                aci_hal_end_of_radio_activity_event_process
 .text.aci_hal_scan_req_report_event_process
                0x080072f8       0x2e ./Middlewares/ST/BlueNRG-2/hci/bluenrg1_events.o
                0x080072f8                aci_hal_scan_req_report_event_process
 .text.aci_hal_fw_error_event_process
                0x08007326       0x2c ./Middlewares/ST/BlueNRG-2/hci/bluenrg1_events.o
                0x08007326                aci_hal_fw_error_event_process
 .text.aci_gap_limited_discoverable_event_process
                0x08007352       0x1a ./Middlewares/ST/BlueNRG-2/hci/bluenrg1_events.o
                0x08007352                aci_gap_limited_discoverable_event_process
 .text.aci_gap_pairing_complete_event_process
                0x0800736c       0x2e ./Middlewares/ST/BlueNRG-2/hci/bluenrg1_events.o
                0x0800736c                aci_gap_pairing_complete_event_process
 .text.aci_gap_pass_key_req_event_process
                0x0800739a       0x26 ./Middlewares/ST/BlueNRG-2/hci/bluenrg1_events.o
                0x0800739a                aci_gap_pass_key_req_event_process
 .text.aci_gap_authorization_req_event_process
                0x080073c0       0x26 ./Middlewares/ST/BlueNRG-2/hci/bluenrg1_events.o
                0x080073c0                aci_gap_authorization_req_event_process
 .text.aci_gap_slave_security_initiated_event_process
                0x080073e6       0x1a ./Middlewares/ST/BlueNRG-2/hci/bluenrg1_events.o
                0x080073e6                aci_gap_slave_security_initiated_event_process
 .text.aci_gap_bond_lost_event_process
                0x08007400       0x1a ./Middlewares/ST/BlueNRG-2/hci/bluenrg1_events.o
                0x08007400                aci_gap_bond_lost_event_process
 .text.aci_gap_proc_complete_event_process
                0x0800741a       0x2e ./Middlewares/ST/BlueNRG-2/hci/bluenrg1_events.o
                0x0800741a                aci_gap_proc_complete_event_process
 .text.aci_gap_addr_not_resolved_event_process
                0x08007448       0x26 ./Middlewares/ST/BlueNRG-2/hci/bluenrg1_events.o
                0x08007448                aci_gap_addr_not_resolved_event_process
 .text.aci_gap_numeric_comparison_value_event_process
                0x0800746e       0x2e ./Middlewares/ST/BlueNRG-2/hci/bluenrg1_events.o
                0x0800746e                aci_gap_numeric_comparison_value_event_process
 .text.aci_gap_keypress_notification_event_process
                0x0800749c       0x2c ./Middlewares/ST/BlueNRG-2/hci/bluenrg1_events.o
                0x0800749c                aci_gap_keypress_notification_event_process
 .text.aci_l2cap_connection_update_resp_event_process
                0x080074c8       0x2e ./Middlewares/ST/BlueNRG-2/hci/bluenrg1_events.o
                0x080074c8                aci_l2cap_connection_update_resp_event_process
 .text.aci_l2cap_proc_timeout_event_process
                0x080074f6       0x2e ./Middlewares/ST/BlueNRG-2/hci/bluenrg1_events.o
                0x080074f6                aci_l2cap_proc_timeout_event_process
 .text.aci_l2cap_connection_update_req_event_process
                0x08007524       0x5c ./Middlewares/ST/BlueNRG-2/hci/bluenrg1_events.o
                0x08007524                aci_l2cap_connection_update_req_event_process
 .text.aci_l2cap_command_reject_event_process
                0x08007580       0x3c ./Middlewares/ST/BlueNRG-2/hci/bluenrg1_events.o
                0x08007580                aci_l2cap_command_reject_event_process
 .text.aci_gatt_attribute_modified_event_process
                0x080075bc       0x3e ./Middlewares/ST/BlueNRG-2/hci/bluenrg1_events.o
                0x080075bc                aci_gatt_attribute_modified_event_process
 .text.aci_gatt_proc_timeout_event_process
                0x080075fa       0x26 ./Middlewares/ST/BlueNRG-2/hci/bluenrg1_events.o
                0x080075fa                aci_gatt_proc_timeout_event_process
 .text.aci_att_exchange_mtu_resp_event_process
                0x08007620       0x2e ./Middlewares/ST/BlueNRG-2/hci/bluenrg1_events.o
                0x08007620                aci_att_exchange_mtu_resp_event_process
 .text.aci_att_find_info_resp_event_process
                0x0800764e       0x30 ./Middlewares/ST/BlueNRG-2/hci/bluenrg1_events.o
                0x0800764e                aci_att_find_info_resp_event_process
 .text.aci_att_find_by_type_value_resp_event_process
                0x0800767e       0xb4 ./Middlewares/ST/BlueNRG-2/hci/bluenrg1_events.o
                0x0800767e                aci_att_find_by_type_value_resp_event_process
 .text.aci_att_read_by_type_resp_event_process
                0x08007732       0x30 ./Middlewares/ST/BlueNRG-2/hci/bluenrg1_events.o
                0x08007732                aci_att_read_by_type_resp_event_process
 .text.aci_att_read_resp_event_process
                0x08007762       0x2e ./Middlewares/ST/BlueNRG-2/hci/bluenrg1_events.o
                0x08007762                aci_att_read_resp_event_process
 .text.aci_att_read_blob_resp_event_process
                0x08007790       0x2e ./Middlewares/ST/BlueNRG-2/hci/bluenrg1_events.o
                0x08007790                aci_att_read_blob_resp_event_process
 .text.aci_att_read_multiple_resp_event_process
                0x080077be       0x2e ./Middlewares/ST/BlueNRG-2/hci/bluenrg1_events.o
                0x080077be                aci_att_read_multiple_resp_event_process
 .text.aci_att_read_by_group_type_resp_event_process
                0x080077ec       0x30 ./Middlewares/ST/BlueNRG-2/hci/bluenrg1_events.o
                0x080077ec                aci_att_read_by_group_type_resp_event_process
 .text.aci_att_prepare_write_resp_event_process
                0x0800781c       0x3c ./Middlewares/ST/BlueNRG-2/hci/bluenrg1_events.o
                0x0800781c                aci_att_prepare_write_resp_event_process
 .text.aci_att_exec_write_resp_event_process
                0x08007858       0x26 ./Middlewares/ST/BlueNRG-2/hci/bluenrg1_events.o
                0x08007858                aci_att_exec_write_resp_event_process
 .text.aci_gatt_indication_event_process
                0x0800787e       0x32 ./Middlewares/ST/BlueNRG-2/hci/bluenrg1_events.o
                0x0800787e                aci_gatt_indication_event_process
 .text.aci_gatt_notification_event_process
                0x080078b0       0x32 ./Middlewares/ST/BlueNRG-2/hci/bluenrg1_events.o
                0x080078b0                aci_gatt_notification_event_process
 .text.aci_gatt_proc_complete_event_process
                0x080078e2       0x2c ./Middlewares/ST/BlueNRG-2/hci/bluenrg1_events.o
                0x080078e2                aci_gatt_proc_complete_event_process
 .text.aci_gatt_error_resp_event_process
                0x0800790e       0x34 ./Middlewares/ST/BlueNRG-2/hci/bluenrg1_events.o
                0x0800790e                aci_gatt_error_resp_event_process
 .text.aci_gatt_disc_read_char_by_uuid_resp_event_process
                0x08007942       0x32 ./Middlewares/ST/BlueNRG-2/hci/bluenrg1_events.o
                0x08007942                aci_gatt_disc_read_char_by_uuid_resp_event_process
 .text.aci_gatt_write_permit_req_event_process
                0x08007974       0x32 ./Middlewares/ST/BlueNRG-2/hci/bluenrg1_events.o
                0x08007974                aci_gatt_write_permit_req_event_process
 .text.aci_gatt_read_permit_req_event_process
                0x080079a6       0x32 ./Middlewares/ST/BlueNRG-2/hci/bluenrg1_events.o
                0x080079a6                aci_gatt_read_permit_req_event_process
 .text.aci_gatt_read_multi_permit_req_event_process
                0x080079d8       0x8a ./Middlewares/ST/BlueNRG-2/hci/bluenrg1_events.o
                0x080079d8                aci_gatt_read_multi_permit_req_event_process
 .text.aci_gatt_tx_pool_available_event_process
                0x08007a62       0x2e ./Middlewares/ST/BlueNRG-2/hci/bluenrg1_events.o
                0x08007a62                aci_gatt_tx_pool_available_event_process
 .text.aci_gatt_server_confirmation_event_process
                0x08007a90       0x26 ./Middlewares/ST/BlueNRG-2/hci/bluenrg1_events.o
                0x08007a90                aci_gatt_server_confirmation_event_process
 .text.aci_gatt_prepare_write_permit_req_event_process
                0x08007ab6       0x3c ./Middlewares/ST/BlueNRG-2/hci/bluenrg1_events.o
                0x08007ab6                aci_gatt_prepare_write_permit_req_event_process
 .text.hci_le_connection_complete_event_process
                0x08007af2       0x68 ./Middlewares/ST/BlueNRG-2/hci/bluenrg1_events.o
                0x08007af2                hci_le_connection_complete_event_process
 .text.hci_le_advertising_report_event_process
                0x08007b5a      0x1ba ./Middlewares/ST/BlueNRG-2/hci/bluenrg1_events.o
                0x08007b5a                hci_le_advertising_report_event_process
 .text.hci_le_connection_update_complete_event_process
                0x08007d14       0x46 ./Middlewares/ST/BlueNRG-2/hci/bluenrg1_events.o
                0x08007d14                hci_le_connection_update_complete_event_process
 .text.hci_le_read_remote_used_features_complete_event_process
                0x08007d5a       0x30 ./Middlewares/ST/BlueNRG-2/hci/bluenrg1_events.o
                0x08007d5a                hci_le_read_remote_used_features_complete_event_process
 .text.hci_le_long_term_key_request_event_process
                0x08007d8a       0x30 ./Middlewares/ST/BlueNRG-2/hci/bluenrg1_events.o
                0x08007d8a                hci_le_long_term_key_request_event_process
 .text.hci_le_data_length_change_event_process
                0x08007dba       0x40 ./Middlewares/ST/BlueNRG-2/hci/bluenrg1_events.o
                0x08007dba                hci_le_data_length_change_event_process
 .text.hci_le_read_local_p256_public_key_complete_event_process
                0x08007dfa       0x2a ./Middlewares/ST/BlueNRG-2/hci/bluenrg1_events.o
                0x08007dfa                hci_le_read_local_p256_public_key_complete_event_process
 .text.hci_le_generate_dhkey_complete_event_process
                0x08007e24       0x2a ./Middlewares/ST/BlueNRG-2/hci/bluenrg1_events.o
                0x08007e24                hci_le_generate_dhkey_complete_event_process
 .text.hci_le_enhanced_connection_complete_event_process
                0x08007e4e       0x7c ./Middlewares/ST/BlueNRG-2/hci/bluenrg1_events.o
                0x08007e4e                hci_le_enhanced_connection_complete_event_process
 .text.hci_le_direct_advertising_report_event_process
                0x08007eca      0x15e ./Middlewares/ST/BlueNRG-2/hci/bluenrg1_events.o
                0x08007eca                hci_le_direct_advertising_report_event_process
 .text.hci_encryption_change_event
                0x08008028       0x24 ./Middlewares/ST/BlueNRG-2/hci/bluenrg1_events_cb.o
                0x08008028                hci_encryption_change_event
 .text.hci_read_remote_version_information_complete_event
                0x0800804c       0x30 ./Middlewares/ST/BlueNRG-2/hci/bluenrg1_events_cb.o
                0x0800804c                hci_read_remote_version_information_complete_event
 .text.hci_hardware_error_event
                0x0800807c       0x1c ./Middlewares/ST/BlueNRG-2/hci/bluenrg1_events_cb.o
                0x0800807c                hci_hardware_error_event
 .text.hci_number_of_completed_packets_event
                0x08008098       0x20 ./Middlewares/ST/BlueNRG-2/hci/bluenrg1_events_cb.o
                0x08008098                hci_number_of_completed_packets_event
 .text.hci_data_buffer_overflow_event
                0x080080b8       0x1c ./Middlewares/ST/BlueNRG-2/hci/bluenrg1_events_cb.o
                0x080080b8                hci_data_buffer_overflow_event
 .text.hci_encryption_key_refresh_complete_event
                0x080080d4       0x24 ./Middlewares/ST/BlueNRG-2/hci/bluenrg1_events_cb.o
                0x080080d4                hci_encryption_key_refresh_complete_event
 .text.hci_le_advertising_report_event
                0x080080f8       0x20 ./Middlewares/ST/BlueNRG-2/hci/bluenrg1_events_cb.o
                0x080080f8                hci_le_advertising_report_event
 .text.hci_le_connection_update_complete_event
                0x08008118       0x30 ./Middlewares/ST/BlueNRG-2/hci/bluenrg1_events_cb.o
                0x08008118                hci_le_connection_update_complete_event
 .text.hci_le_read_remote_used_features_complete_event
                0x08008148       0x24 ./Middlewares/ST/BlueNRG-2/hci/bluenrg1_events_cb.o
                0x08008148                hci_le_read_remote_used_features_complete_event
 .text.hci_le_long_term_key_request_event
                0x0800816c       0x24 ./Middlewares/ST/BlueNRG-2/hci/bluenrg1_events_cb.o
                0x0800816c                hci_le_long_term_key_request_event
 .text.hci_le_data_length_change_event
                0x08008190       0x30 ./Middlewares/ST/BlueNRG-2/hci/bluenrg1_events_cb.o
                0x08008190                hci_le_data_length_change_event
 .text.hci_le_read_local_p256_public_key_complete_event
                0x080081c0       0x20 ./Middlewares/ST/BlueNRG-2/hci/bluenrg1_events_cb.o
                0x080081c0                hci_le_read_local_p256_public_key_complete_event
 .text.hci_le_generate_dhkey_complete_event
                0x080081e0       0x20 ./Middlewares/ST/BlueNRG-2/hci/bluenrg1_events_cb.o
                0x080081e0                hci_le_generate_dhkey_complete_event
 .text.hci_le_enhanced_connection_complete_event
                0x08008200       0x30 ./Middlewares/ST/BlueNRG-2/hci/bluenrg1_events_cb.o
                0x08008200                hci_le_enhanced_connection_complete_event
 .text.hci_le_direct_advertising_report_event
                0x08008230       0x20 ./Middlewares/ST/BlueNRG-2/hci/bluenrg1_events_cb.o
                0x08008230                hci_le_direct_advertising_report_event
 .text.aci_gap_limited_discoverable_event
                0x08008250       0x14 ./Middlewares/ST/BlueNRG-2/hci/bluenrg1_events_cb.o
                0x08008250                aci_gap_limited_discoverable_event
 .text.aci_gap_authorization_req_event
                0x08008264       0x1c ./Middlewares/ST/BlueNRG-2/hci/bluenrg1_events_cb.o
                0x08008264                aci_gap_authorization_req_event
 .text.aci_gap_slave_security_initiated_event
                0x08008280       0x14 ./Middlewares/ST/BlueNRG-2/hci/bluenrg1_events_cb.o
                0x08008280                aci_gap_slave_security_initiated_event
 .text.aci_gap_bond_lost_event
                0x08008294       0x14 ./Middlewares/ST/BlueNRG-2/hci/bluenrg1_events_cb.o
                0x08008294                aci_gap_bond_lost_event
 .text.aci_gap_proc_complete_event
                0x080082a8       0x28 ./Middlewares/ST/BlueNRG-2/hci/bluenrg1_events_cb.o
                0x080082a8                aci_gap_proc_complete_event
 .text.aci_gap_addr_not_resolved_event
                0x080082d0       0x1c ./Middlewares/ST/BlueNRG-2/hci/bluenrg1_events_cb.o
                0x080082d0                aci_gap_addr_not_resolved_event
 .text.aci_gap_numeric_comparison_value_event
                0x080082ec       0x20 ./Middlewares/ST/BlueNRG-2/hci/bluenrg1_events_cb.o
                0x080082ec                aci_gap_numeric_comparison_value_event
 .text.aci_gap_keypress_notification_event
                0x0800830c       0x24 ./Middlewares/ST/BlueNRG-2/hci/bluenrg1_events_cb.o
                0x0800830c                aci_gap_keypress_notification_event
 .text.aci_gatt_proc_timeout_event
                0x08008330       0x1c ./Middlewares/ST/BlueNRG-2/hci/bluenrg1_events_cb.o
                0x08008330                aci_gatt_proc_timeout_event
 .text.aci_att_exchange_mtu_resp_event
                0x0800834c       0x24 ./Middlewares/ST/BlueNRG-2/hci/bluenrg1_events_cb.o
                0x0800834c                aci_att_exchange_mtu_resp_event
 .text.aci_att_find_info_resp_event
                0x08008370       0x28 ./Middlewares/ST/BlueNRG-2/hci/bluenrg1_events_cb.o
                0x08008370                aci_att_find_info_resp_event
 .text.aci_att_find_by_type_value_resp_event
                0x08008398       0x24 ./Middlewares/ST/BlueNRG-2/hci/bluenrg1_events_cb.o
                0x08008398                aci_att_find_by_type_value_resp_event
 .text.aci_att_read_by_type_resp_event
                0x080083bc       0x28 ./Middlewares/ST/BlueNRG-2/hci/bluenrg1_events_cb.o
                0x080083bc                aci_att_read_by_type_resp_event
 .text.aci_att_read_resp_event
                0x080083e4       0x24 ./Middlewares/ST/BlueNRG-2/hci/bluenrg1_events_cb.o
                0x080083e4                aci_att_read_resp_event
 .text.aci_att_read_blob_resp_event
                0x08008408       0x24 ./Middlewares/ST/BlueNRG-2/hci/bluenrg1_events_cb.o
                0x08008408                aci_att_read_blob_resp_event
 .text.aci_att_read_multiple_resp_event
                0x0800842c       0x24 ./Middlewares/ST/BlueNRG-2/hci/bluenrg1_events_cb.o
                0x0800842c                aci_att_read_multiple_resp_event
 .text.aci_att_read_by_group_type_resp_event
                0x08008450       0x28 ./Middlewares/ST/BlueNRG-2/hci/bluenrg1_events_cb.o
                0x08008450                aci_att_read_by_group_type_resp_event
 .text.aci_att_prepare_write_resp_event
                0x08008478       0x30 ./Middlewares/ST/BlueNRG-2/hci/bluenrg1_events_cb.o
                0x08008478                aci_att_prepare_write_resp_event
 .text.aci_att_exec_write_resp_event
                0x080084a8       0x1c ./Middlewares/ST/BlueNRG-2/hci/bluenrg1_events_cb.o
                0x080084a8                aci_att_exec_write_resp_event
 .text.aci_gatt_indication_event
                0x080084c4       0x28 ./Middlewares/ST/BlueNRG-2/hci/bluenrg1_events_cb.o
                0x080084c4                aci_gatt_indication_event
 .text.aci_gatt_notification_event
                0x080084ec       0x28 ./Middlewares/ST/BlueNRG-2/hci/bluenrg1_events_cb.o
                0x080084ec                aci_gatt_notification_event
 .text.aci_gatt_proc_complete_event
                0x08008514       0x24 ./Middlewares/ST/BlueNRG-2/hci/bluenrg1_events_cb.o
                0x08008514                aci_gatt_proc_complete_event
 .text.aci_gatt_error_resp_event
                0x08008538       0x30 ./Middlewares/ST/BlueNRG-2/hci/bluenrg1_events_cb.o
                0x08008538                aci_gatt_error_resp_event
 .text.aci_gatt_disc_read_char_by_uuid_resp_event
                0x08008568       0x28 ./Middlewares/ST/BlueNRG-2/hci/bluenrg1_events_cb.o
                0x08008568                aci_gatt_disc_read_char_by_uuid_resp_event
 .text.aci_gatt_write_permit_req_event
                0x08008590       0x28 ./Middlewares/ST/BlueNRG-2/hci/bluenrg1_events_cb.o
                0x08008590                aci_gatt_write_permit_req_event
 .text.aci_gatt_read_multi_permit_req_event
                0x080085b8       0x24 ./Middlewares/ST/BlueNRG-2/hci/bluenrg1_events_cb.o
                0x080085b8                aci_gatt_read_multi_permit_req_event
 .text.aci_gatt_tx_pool_available_event
                0x080085dc       0x24 ./Middlewares/ST/BlueNRG-2/hci/bluenrg1_events_cb.o
                0x080085dc                aci_gatt_tx_pool_available_event
 .text.aci_gatt_server_confirmation_event
                0x08008600       0x1c ./Middlewares/ST/BlueNRG-2/hci/bluenrg1_events_cb.o
                0x08008600                aci_gatt_server_confirmation_event
 .text.aci_gatt_prepare_write_permit_req_event
                0x0800861c       0x30 ./Middlewares/ST/BlueNRG-2/hci/bluenrg1_events_cb.o
                0x0800861c                aci_gatt_prepare_write_permit_req_event
 .text.aci_l2cap_connection_update_resp_event
                0x0800864c       0x24 ./Middlewares/ST/BlueNRG-2/hci/bluenrg1_events_cb.o
                0x0800864c                aci_l2cap_connection_update_resp_event
 .text.aci_l2cap_proc_timeout_event
                0x08008670       0x24 ./Middlewares/ST/BlueNRG-2/hci/bluenrg1_events_cb.o
                0x08008670                aci_l2cap_proc_timeout_event
 .text.aci_l2cap_connection_update_req_event
                0x08008694       0x30 ./Middlewares/ST/BlueNRG-2/hci/bluenrg1_events_cb.o
                0x08008694                aci_l2cap_connection_update_req_event
 .text.aci_l2cap_command_reject_event
                0x080086c4       0x30 ./Middlewares/ST/BlueNRG-2/hci/bluenrg1_events_cb.o
                0x080086c4                aci_l2cap_command_reject_event
 .text.aci_blue_initialized_event
                0x080086f4       0x20 ./Middlewares/ST/BlueNRG-2/hci/bluenrg1_events_cb.o
                0x080086f4                aci_blue_initialized_event
 .text.aci_blue_events_lost_event
                0x08008714       0x1c ./Middlewares/ST/BlueNRG-2/hci/bluenrg1_events_cb.o
                0x08008714                aci_blue_events_lost_event
 .text.aci_blue_crash_info_event
                0x08008730       0x24 ./Middlewares/ST/BlueNRG-2/hci/bluenrg1_events_cb.o
                0x08008730                aci_blue_crash_info_event
 .text.aci_hal_end_of_radio_activity_event
                0x08008754       0x24 ./Middlewares/ST/BlueNRG-2/hci/bluenrg1_events_cb.o
                0x08008754                aci_hal_end_of_radio_activity_event
 .text.aci_hal_scan_req_report_event
                0x08008778       0x24 ./Middlewares/ST/BlueNRG-2/hci/bluenrg1_events_cb.o
                0x08008778                aci_hal_scan_req_report_event
 .text.aci_hal_fw_error_event
                0x0800879c       0x24 ./Middlewares/ST/BlueNRG-2/hci/bluenrg1_events_cb.o
                0x0800879c                aci_hal_fw_error_event
 .text.hci_reset
                0x080087c0       0x52 ./Middlewares/ST/BlueNRG-2/hci/bluenrg1_hci_le.o
                0x080087c0                hci_reset
 .text.hci_read_local_version_information
                0x08008812       0x8c ./Middlewares/ST/BlueNRG-2/hci/bluenrg1_hci_le.o
                0x08008812                hci_read_local_version_information
 .text.hci_le_set_scan_response_data
                0x0800889e       0xf2 ./Middlewares/ST/BlueNRG-2/hci/bluenrg1_hci_le.o
                0x0800889e                hci_le_set_scan_response_data
 .text.aci_gap_set_discoverable
                0x08008990      0x206 ./Middlewares/ST/BlueNRG-2/hci/controller/bluenrg1_gap_aci.o
                0x08008990                aci_gap_set_discoverable
 .text.aci_gap_set_authentication_requirement
                0x08008b96      0x19a ./Middlewares/ST/BlueNRG-2/hci/controller/bluenrg1_gap_aci.o
                0x08008b96                aci_gap_set_authentication_requirement
 .text.aci_gap_pass_key_resp
                0x08008d30       0xe0 ./Middlewares/ST/BlueNRG-2/hci/controller/bluenrg1_gap_aci.o
                0x08008d30                aci_gap_pass_key_resp
 .text.aci_gap_init
                0x08008e10      0x15a ./Middlewares/ST/BlueNRG-2/hci/controller/bluenrg1_gap_aci.o
                0x08008e10                aci_gap_init
 .text.aci_gap_slave_security_req
                0x08008f6a       0xc0 ./Middlewares/ST/BlueNRG-2/hci/controller/bluenrg1_gap_aci.o
                0x08008f6a                aci_gap_slave_security_req
 .text.aci_gap_update_adv_data
                0x0800902a       0xf6 ./Middlewares/ST/BlueNRG-2/hci/controller/bluenrg1_gap_aci.o
                0x0800902a                aci_gap_update_adv_data
 .text.aci_gatt_init
                0x08009120       0x54 ./Middlewares/ST/BlueNRG-2/hci/controller/bluenrg1_gatt_aci.o
                0x08009120                aci_gatt_init
 .text.aci_gatt_add_service
                0x08009174      0x1ac ./Middlewares/ST/BlueNRG-2/hci/controller/bluenrg1_gatt_aci.o
                0x08009174                aci_gatt_add_service
 .text.aci_gatt_add_char
                0x08009320      0x210 ./Middlewares/ST/BlueNRG-2/hci/controller/bluenrg1_gatt_aci.o
                0x08009320                aci_gatt_add_char
 .text.aci_gatt_update_char_value
                0x08009530      0x164 ./Middlewares/ST/BlueNRG-2/hci/controller/bluenrg1_gatt_aci.o
                0x08009530                aci_gatt_update_char_value
 .text.aci_gatt_allow_read
                0x08009694       0xbc ./Middlewares/ST/BlueNRG-2/hci/controller/bluenrg1_gatt_aci.o
                0x08009694                aci_gatt_allow_read
 .text.aci_hal_write_config_data
                0x08009750      0x11c ./Middlewares/ST/BlueNRG-2/hci/controller/bluenrg1_hal_aci.o
                0x08009750                aci_hal_write_config_data
 .text.aci_hal_read_config_data
                0x0800986c      0x108 ./Middlewares/ST/BlueNRG-2/hci/controller/bluenrg1_hal_aci.o
                0x0800986c                aci_hal_read_config_data
 .text.aci_hal_set_tx_power_level
                0x08009974       0xe0 ./Middlewares/ST/BlueNRG-2/hci/controller/bluenrg1_hal_aci.o
                0x08009974                aci_hal_set_tx_power_level
 .text.verify_packet
                0x08009a54       0x40 ./Middlewares/ST/BlueNRG-2/hci/hci_tl_patterns/Basic/hci_tl.o
 .text.send_cmd
                0x08009a94       0x80 ./Middlewares/ST/BlueNRG-2/hci/hci_tl_patterns/Basic/hci_tl.o
 .text.move_list
                0x08009b14       0x38 ./Middlewares/ST/BlueNRG-2/hci/hci_tl_patterns/Basic/hci_tl.o
 .text.free_event_list
                0x08009b4c       0x3c ./Middlewares/ST/BlueNRG-2/hci/hci_tl_patterns/Basic/hci_tl.o
 .text.hci_init
                0x08009b88       0x84 ./Middlewares/ST/BlueNRG-2/hci/hci_tl_patterns/Basic/hci_tl.o
                0x08009b88                hci_init
 .text.hci_register_io_bus
                0x08009c0c       0x40 ./Middlewares/ST/BlueNRG-2/hci/hci_tl_patterns/Basic/hci_tl.o
                0x08009c0c                hci_register_io_bus
 .text.hci_send_req
                0x08009c4c      0x230 ./Middlewares/ST/BlueNRG-2/hci/hci_tl_patterns/Basic/hci_tl.o
                0x08009c4c                hci_send_req
 .text.hci_user_evt_proc
                0x08009e7c       0x58 ./Middlewares/ST/BlueNRG-2/hci/hci_tl_patterns/Basic/hci_tl.o
                0x08009e7c                hci_user_evt_proc
 .text.hci_notify_asynch_evt
                0x08009ed4       0x9c ./Middlewares/ST/BlueNRG-2/hci/hci_tl_patterns/Basic/hci_tl.o
                0x08009ed4                hci_notify_asynch_evt
 .text.list_init_head
                0x08009f70       0x20 ./Middlewares/ST/BlueNRG-2/utils/ble_list.o
                0x08009f70                list_init_head
 .text.list_is_empty
                0x08009f90       0x44 ./Middlewares/ST/BlueNRG-2/utils/ble_list.o
                0x08009f90                list_is_empty
 .text.list_insert_head
                0x08009fd4       0x4c ./Middlewares/ST/BlueNRG-2/utils/ble_list.o
                0x08009fd4                list_insert_head
 .text.list_insert_tail
                0x0800a020       0x4c ./Middlewares/ST/BlueNRG-2/utils/ble_list.o
                0x0800a020                list_insert_tail
 .text.list_remove_node
                0x0800a06c       0x42 ./Middlewares/ST/BlueNRG-2/utils/ble_list.o
                0x0800a06c                list_remove_node
 .text.list_remove_head
                0x0800a0ae       0x4e ./Middlewares/ST/BlueNRG-2/utils/ble_list.o
                0x0800a0ae                list_remove_head
 .text.list_remove_tail
                0x0800a0fc       0x4e ./Middlewares/ST/BlueNRG-2/utils/ble_list.o
                0x0800a0fc                list_remove_tail
 .text.list_get_size
                0x0800a14a       0x50 ./Middlewares/ST/BlueNRG-2/utils/ble_list.o
                0x0800a14a                list_get_size
 *fill*         0x0800a19a        0x2 
 .text.rand     0x0800a19c       0x7c C:/ST/STM32CubeIDE_1.16.1/STM32CubeIDE/plugins/com.st.stm32cube.ide.mcu.externaltools.gnu-tools-for-stm32.12.3.rel1.win32_1.0.200.202406191623/tools/bin/../lib/gcc/arm-none-eabi/12.3.1/../../../../arm-none-eabi/lib/thumb/v7e-m+fp/hard\libc_nano.a(libc_a-rand.o)
                0x0800a19c                rand
 .text.std      0x0800a218       0x6c C:/ST/STM32CubeIDE_1.16.1/STM32CubeIDE/plugins/com.st.stm32cube.ide.mcu.externaltools.gnu-tools-for-stm32.12.3.rel1.win32_1.0.200.202406191623/tools/bin/../lib/gcc/arm-none-eabi/12.3.1/../../../../arm-none-eabi/lib/thumb/v7e-m+fp/hard\libc_nano.a(libc_a-findfp.o)
 .text.stdio_exit_handler
                0x0800a284       0x18 C:/ST/STM32CubeIDE_1.16.1/STM32CubeIDE/plugins/com.st.stm32cube.ide.mcu.externaltools.gnu-tools-for-stm32.12.3.rel1.win32_1.0.200.202406191623/tools/bin/../lib/gcc/arm-none-eabi/12.3.1/../../../../arm-none-eabi/lib/thumb/v7e-m+fp/hard\libc_nano.a(libc_a-findfp.o)
 .text.cleanup_stdio
                0x0800a29c       0x40 C:/ST/STM32CubeIDE_1.16.1/STM32CubeIDE/plugins/com.st.stm32cube.ide.mcu.externaltools.gnu-tools-for-stm32.12.3.rel1.win32_1.0.200.202406191623/tools/bin/../lib/gcc/arm-none-eabi/12.3.1/../../../../arm-none-eabi/lib/thumb/v7e-m+fp/hard\libc_nano.a(libc_a-findfp.o)
 .text.global_stdio_init.part.0
                0x0800a2dc       0x3c C:/ST/STM32CubeIDE_1.16.1/STM32CubeIDE/plugins/com.st.stm32cube.ide.mcu.externaltools.gnu-tools-for-stm32.12.3.rel1.win32_1.0.200.202406191623/tools/bin/../lib/gcc/arm-none-eabi/12.3.1/../../../../arm-none-eabi/lib/thumb/v7e-m+fp/hard\libc_nano.a(libc_a-findfp.o)
 .text.__sfp_lock_acquire
                0x0800a318        0xc C:/ST/STM32CubeIDE_1.16.1/STM32CubeIDE/plugins/com.st.stm32cube.ide.mcu.externaltools.gnu-tools-for-stm32.12.3.rel1.win32_1.0.200.202406191623/tools/bin/../lib/gcc/arm-none-eabi/12.3.1/../../../../arm-none-eabi/lib/thumb/v7e-m+fp/hard\libc_nano.a(libc_a-findfp.o)
                0x0800a318                __sfp_lock_acquire
 .text.__sfp_lock_release
                0x0800a324        0xc C:/ST/STM32CubeIDE_1.16.1/STM32CubeIDE/plugins/com.st.stm32cube.ide.mcu.externaltools.gnu-tools-for-stm32.12.3.rel1.win32_1.0.200.202406191623/tools/bin/../lib/gcc/arm-none-eabi/12.3.1/../../../../arm-none-eabi/lib/thumb/v7e-m+fp/hard\libc_nano.a(libc_a-findfp.o)
                0x0800a324                __sfp_lock_release
 .text.__sinit  0x0800a330       0x30 C:/ST/STM32CubeIDE_1.16.1/STM32CubeIDE/plugins/com.st.stm32cube.ide.mcu.externaltools.gnu-tools-for-stm32.12.3.rel1.win32_1.0.200.202406191623/tools/bin/../lib/gcc/arm-none-eabi/12.3.1/../../../../arm-none-eabi/lib/thumb/v7e-m+fp/hard\libc_nano.a(libc_a-findfp.o)
                0x0800a330                __sinit
 .text._fwalk_sglue
                0x0800a360       0x3c C:/ST/STM32CubeIDE_1.16.1/STM32CubeIDE/plugins/com.st.stm32cube.ide.mcu.externaltools.gnu-tools-for-stm32.12.3.rel1.win32_1.0.200.202406191623/tools/bin/../lib/gcc/arm-none-eabi/12.3.1/../../../../arm-none-eabi/lib/thumb/v7e-m+fp/hard\libc_nano.a(libc_a-fwalk.o)
                0x0800a360                _fwalk_sglue
 .text.printf   0x0800a39c       0x24 C:/ST/STM32CubeIDE_1.16.1/STM32CubeIDE/plugins/com.st.stm32cube.ide.mcu.externaltools.gnu-tools-for-stm32.12.3.rel1.win32_1.0.200.202406191623/tools/bin/../lib/gcc/arm-none-eabi/12.3.1/../../../../arm-none-eabi/lib/thumb/v7e-m+fp/hard\libc_nano.a(libc_a-printf.o)
                0x0800a39c                iprintf
                0x0800a39c                printf
 .text.putchar  0x0800a3c0       0x10 C:/ST/STM32CubeIDE_1.16.1/STM32CubeIDE/plugins/com.st.stm32cube.ide.mcu.externaltools.gnu-tools-for-stm32.12.3.rel1.win32_1.0.200.202406191623/tools/bin/../lib/gcc/arm-none-eabi/12.3.1/../../../../arm-none-eabi/lib/thumb/v7e-m+fp/hard\libc_nano.a(libc_a-putchar.o)
                0x0800a3c0                putchar
 .text._puts_r  0x0800a3d0       0xaa C:/ST/STM32CubeIDE_1.16.1/STM32CubeIDE/plugins/com.st.stm32cube.ide.mcu.externaltools.gnu-tools-for-stm32.12.3.rel1.win32_1.0.200.202406191623/tools/bin/../lib/gcc/arm-none-eabi/12.3.1/../../../../arm-none-eabi/lib/thumb/v7e-m+fp/hard\libc_nano.a(libc_a-puts.o)
                0x0800a3d0                _puts_r
 *fill*         0x0800a47a        0x2 
 .text.puts     0x0800a47c       0x10 C:/ST/STM32CubeIDE_1.16.1/STM32CubeIDE/plugins/com.st.stm32cube.ide.mcu.externaltools.gnu-tools-for-stm32.12.3.rel1.win32_1.0.200.202406191623/tools/bin/../lib/gcc/arm-none-eabi/12.3.1/../../../../arm-none-eabi/lib/thumb/v7e-m+fp/hard\libc_nano.a(libc_a-puts.o)
                0x0800a47c                puts
 .text.__sread  0x0800a48c       0x22 C:/ST/STM32CubeIDE_1.16.1/STM32CubeIDE/plugins/com.st.stm32cube.ide.mcu.externaltools.gnu-tools-for-stm32.12.3.rel1.win32_1.0.200.202406191623/tools/bin/../lib/gcc/arm-none-eabi/12.3.1/../../../../arm-none-eabi/lib/thumb/v7e-m+fp/hard\libc_nano.a(libc_a-stdio.o)
                0x0800a48c                __sread
 .text.__swrite
                0x0800a4ae       0x38 C:/ST/STM32CubeIDE_1.16.1/STM32CubeIDE/plugins/com.st.stm32cube.ide.mcu.externaltools.gnu-tools-for-stm32.12.3.rel1.win32_1.0.200.202406191623/tools/bin/../lib/gcc/arm-none-eabi/12.3.1/../../../../arm-none-eabi/lib/thumb/v7e-m+fp/hard\libc_nano.a(libc_a-stdio.o)
                0x0800a4ae                __swrite
 .text.__sseek  0x0800a4e6       0x24 C:/ST/STM32CubeIDE_1.16.1/STM32CubeIDE/plugins/com.st.stm32cube.ide.mcu.externaltools.gnu-tools-for-stm32.12.3.rel1.win32_1.0.200.202406191623/tools/bin/../lib/gcc/arm-none-eabi/12.3.1/../../../../arm-none-eabi/lib/thumb/v7e-m+fp/hard\libc_nano.a(libc_a-stdio.o)
                0x0800a4e6                __sseek
 .text.__sclose
                0x0800a50a        0x8 C:/ST/STM32CubeIDE_1.16.1/STM32CubeIDE/plugins/com.st.stm32cube.ide.mcu.externaltools.gnu-tools-for-stm32.12.3.rel1.win32_1.0.200.202406191623/tools/bin/../lib/gcc/arm-none-eabi/12.3.1/../../../../arm-none-eabi/lib/thumb/v7e-m+fp/hard\libc_nano.a(libc_a-stdio.o)
                0x0800a50a                __sclose
 .text.__swbuf_r
                0x0800a512       0x7c C:/ST/STM32CubeIDE_1.16.1/STM32CubeIDE/plugins/com.st.stm32cube.ide.mcu.externaltools.gnu-tools-for-stm32.12.3.rel1.win32_1.0.200.202406191623/tools/bin/../lib/gcc/arm-none-eabi/12.3.1/../../../../arm-none-eabi/lib/thumb/v7e-m+fp/hard\libc_nano.a(libc_a-wbuf.o)
                0x0800a512                __swbuf_r
 *fill*         0x0800a58e        0x2 
 .text.__swsetup_r
                0x0800a590       0xac C:/ST/STM32CubeIDE_1.16.1/STM32CubeIDE/plugins/com.st.stm32cube.ide.mcu.externaltools.gnu-tools-for-stm32.12.3.rel1.win32_1.0.200.202406191623/tools/bin/../lib/gcc/arm-none-eabi/12.3.1/../../../../arm-none-eabi/lib/thumb/v7e-m+fp/hard\libc_nano.a(libc_a-wsetup.o)
                0x0800a590                __swsetup_r
 .text.memset   0x0800a63c       0x10 C:/ST/STM32CubeIDE_1.16.1/STM32CubeIDE/plugins/com.st.stm32cube.ide.mcu.externaltools.gnu-tools-for-stm32.12.3.rel1.win32_1.0.200.202406191623/tools/bin/../lib/gcc/arm-none-eabi/12.3.1/../../../../arm-none-eabi/lib/thumb/v7e-m+fp/hard\libc_nano.a(libc_a-memset.o)
                0x0800a63c                memset
 .text._close_r
                0x0800a64c       0x20 C:/ST/STM32CubeIDE_1.16.1/STM32CubeIDE/plugins/com.st.stm32cube.ide.mcu.externaltools.gnu-tools-for-stm32.12.3.rel1.win32_1.0.200.202406191623/tools/bin/../lib/gcc/arm-none-eabi/12.3.1/../../../../arm-none-eabi/lib/thumb/v7e-m+fp/hard\libc_nano.a(libc_a-closer.o)
                0x0800a64c                _close_r
 .text._lseek_r
                0x0800a66c       0x24 C:/ST/STM32CubeIDE_1.16.1/STM32CubeIDE/plugins/com.st.stm32cube.ide.mcu.externaltools.gnu-tools-for-stm32.12.3.rel1.win32_1.0.200.202406191623/tools/bin/../lib/gcc/arm-none-eabi/12.3.1/../../../../arm-none-eabi/lib/thumb/v7e-m+fp/hard\libc_nano.a(libc_a-lseekr.o)
                0x0800a66c                _lseek_r
 .text._read_r  0x0800a690       0x24 C:/ST/STM32CubeIDE_1.16.1/STM32CubeIDE/plugins/com.st.stm32cube.ide.mcu.externaltools.gnu-tools-for-stm32.12.3.rel1.win32_1.0.200.202406191623/tools/bin/../lib/gcc/arm-none-eabi/12.3.1/../../../../arm-none-eabi/lib/thumb/v7e-m+fp/hard\libc_nano.a(libc_a-readr.o)
                0x0800a690                _read_r
 .text._write_r
                0x0800a6b4       0x24 C:/ST/STM32CubeIDE_1.16.1/STM32CubeIDE/plugins/com.st.stm32cube.ide.mcu.externaltools.gnu-tools-for-stm32.12.3.rel1.win32_1.0.200.202406191623/tools/bin/../lib/gcc/arm-none-eabi/12.3.1/../../../../arm-none-eabi/lib/thumb/v7e-m+fp/hard\libc_nano.a(libc_a-writer.o)
                0x0800a6b4                _write_r
 .text.__errno  0x0800a6d8        0xc C:/ST/STM32CubeIDE_1.16.1/STM32CubeIDE/plugins/com.st.stm32cube.ide.mcu.externaltools.gnu-tools-for-stm32.12.3.rel1.win32_1.0.200.202406191623/tools/bin/../lib/gcc/arm-none-eabi/12.3.1/../../../../arm-none-eabi/lib/thumb/v7e-m+fp/hard\libc_nano.a(libc_a-errno.o)
                0x0800a6d8                __errno
 .text.__libc_init_array
                0x0800a6e4       0x48 C:/ST/STM32CubeIDE_1.16.1/STM32CubeIDE/plugins/com.st.stm32cube.ide.mcu.externaltools.gnu-tools-for-stm32.12.3.rel1.win32_1.0.200.202406191623/tools/bin/../lib/gcc/arm-none-eabi/12.3.1/../../../../arm-none-eabi/lib/thumb/v7e-m+fp/hard\libc_nano.a(libc_a-init.o)
                0x0800a6e4                __libc_init_array
 .text.__retarget_lock_init_recursive
                0x0800a72c        0x2 C:/ST/STM32CubeIDE_1.16.1/STM32CubeIDE/plugins/com.st.stm32cube.ide.mcu.externaltools.gnu-tools-for-stm32.12.3.rel1.win32_1.0.200.202406191623/tools/bin/../lib/gcc/arm-none-eabi/12.3.1/../../../../arm-none-eabi/lib/thumb/v7e-m+fp/hard\libc_nano.a(libc_a-lock.o)
                0x0800a72c                __retarget_lock_init_recursive
 .text.__retarget_lock_acquire_recursive
                0x0800a72e        0x2 C:/ST/STM32CubeIDE_1.16.1/STM32CubeIDE/plugins/com.st.stm32cube.ide.mcu.externaltools.gnu-tools-for-stm32.12.3.rel1.win32_1.0.200.202406191623/tools/bin/../lib/gcc/arm-none-eabi/12.3.1/../../../../arm-none-eabi/lib/thumb/v7e-m+fp/hard\libc_nano.a(libc_a-lock.o)
                0x0800a72e                __retarget_lock_acquire_recursive
 .text.__retarget_lock_release_recursive
                0x0800a730        0x2 C:/ST/STM32CubeIDE_1.16.1/STM32CubeIDE/plugins/com.st.stm32cube.ide.mcu.externaltools.gnu-tools-for-stm32.12.3.rel1.win32_1.0.200.202406191623/tools/bin/../lib/gcc/arm-none-eabi/12.3.1/../../../../arm-none-eabi/lib/thumb/v7e-m+fp/hard\libc_nano.a(libc_a-lock.o)
                0x0800a730                __retarget_lock_release_recursive
 .text.memcpy   0x0800a732       0x1c C:/ST/STM32CubeIDE_1.16.1/STM32CubeIDE/plugins/com.st.stm32cube.ide.mcu.externaltools.gnu-tools-for-stm32.12.3.rel1.win32_1.0.200.202406191623/tools/bin/../lib/gcc/arm-none-eabi/12.3.1/../../../../arm-none-eabi/lib/thumb/v7e-m+fp/hard\libc_nano.a(libc_a-memcpy-stub.o)
                0x0800a732                memcpy
 *fill*         0x0800a74e        0x2 
 .text.__assert_func
                0x0800a750       0x3c C:/ST/STM32CubeIDE_1.16.1/STM32CubeIDE/plugins/com.st.stm32cube.ide.mcu.externaltools.gnu-tools-for-stm32.12.3.rel1.win32_1.0.200.202406191623/tools/bin/../lib/gcc/arm-none-eabi/12.3.1/../../../../arm-none-eabi/lib/thumb/v7e-m+fp/hard\libc_nano.a(libc_a-assert.o)
                0x0800a750                __assert_func
 .text._free_r  0x0800a78c       0x94 C:/ST/STM32CubeIDE_1.16.1/STM32CubeIDE/plugins/com.st.stm32cube.ide.mcu.externaltools.gnu-tools-for-stm32.12.3.rel1.win32_1.0.200.202406191623/tools/bin/../lib/gcc/arm-none-eabi/12.3.1/../../../../arm-none-eabi/lib/thumb/v7e-m+fp/hard\libc_nano.a(libc_a-freer.o)
                0x0800a78c                _free_r
 .text.malloc   0x0800a820       0x10 C:/ST/STM32CubeIDE_1.16.1/STM32CubeIDE/plugins/com.st.stm32cube.ide.mcu.externaltools.gnu-tools-for-stm32.12.3.rel1.win32_1.0.200.202406191623/tools/bin/../lib/gcc/arm-none-eabi/12.3.1/../../../../arm-none-eabi/lib/thumb/v7e-m+fp/hard\libc_nano.a(libc_a-malloc.o)
                0x0800a820                malloc
 .text.sbrk_aligned
                0x0800a830       0x44 C:/ST/STM32CubeIDE_1.16.1/STM32CubeIDE/plugins/com.st.stm32cube.ide.mcu.externaltools.gnu-tools-for-stm32.12.3.rel1.win32_1.0.200.202406191623/tools/bin/../lib/gcc/arm-none-eabi/12.3.1/../../../../arm-none-eabi/lib/thumb/v7e-m+fp/hard\libc_nano.a(libc_a-mallocr.o)
 .text._malloc_r
                0x0800a874      0x100 C:/ST/STM32CubeIDE_1.16.1/STM32CubeIDE/plugins/com.st.stm32cube.ide.mcu.externaltools.gnu-tools-for-stm32.12.3.rel1.win32_1.0.200.202406191623/tools/bin/../lib/gcc/arm-none-eabi/12.3.1/../../../../arm-none-eabi/lib/thumb/v7e-m+fp/hard\libc_nano.a(libc_a-mallocr.o)
                0x0800a874                _malloc_r
 .text.__malloc_lock
                0x0800a974        0xc C:/ST/STM32CubeIDE_1.16.1/STM32CubeIDE/plugins/com.st.stm32cube.ide.mcu.externaltools.gnu-tools-for-stm32.12.3.rel1.win32_1.0.200.202406191623/tools/bin/../lib/gcc/arm-none-eabi/12.3.1/../../../../arm-none-eabi/lib/thumb/v7e-m+fp/hard\libc_nano.a(libc_a-mlock.o)
                0x0800a974                __malloc_lock
 .text.__malloc_unlock
                0x0800a980        0xc C:/ST/STM32CubeIDE_1.16.1/STM32CubeIDE/plugins/com.st.stm32cube.ide.mcu.externaltools.gnu-tools-for-stm32.12.3.rel1.win32_1.0.200.202406191623/tools/bin/../lib/gcc/arm-none-eabi/12.3.1/../../../../arm-none-eabi/lib/thumb/v7e-m+fp/hard\libc_nano.a(libc_a-mlock.o)
                0x0800a980                __malloc_unlock
 .text.__sfputc_r
                0x0800a98c       0x2e C:/ST/STM32CubeIDE_1.16.1/STM32CubeIDE/plugins/com.st.stm32cube.ide.mcu.externaltools.gnu-tools-for-stm32.12.3.rel1.win32_1.0.200.202406191623/tools/bin/../lib/gcc/arm-none-eabi/12.3.1/../../../../arm-none-eabi/lib/thumb/v7e-m+fp/hard\libc_nano.a(libc_a-nano-vfprintf.o)
 .text.__sfputs_r
                0x0800a9ba       0x24 C:/ST/STM32CubeIDE_1.16.1/STM32CubeIDE/plugins/com.st.stm32cube.ide.mcu.externaltools.gnu-tools-for-stm32.12.3.rel1.win32_1.0.200.202406191623/tools/bin/../lib/gcc/arm-none-eabi/12.3.1/../../../../arm-none-eabi/lib/thumb/v7e-m+fp/hard\libc_nano.a(libc_a-nano-vfprintf.o)
                0x0800a9ba                __sfputs_r
 *fill*         0x0800a9de        0x2 
 .text._vfprintf_r
                0x0800a9e0      0x230 C:/ST/STM32CubeIDE_1.16.1/STM32CubeIDE/plugins/com.st.stm32cube.ide.mcu.externaltools.gnu-tools-for-stm32.12.3.rel1.win32_1.0.200.202406191623/tools/bin/../lib/gcc/arm-none-eabi/12.3.1/../../../../arm-none-eabi/lib/thumb/v7e-m+fp/hard\libc_nano.a(libc_a-nano-vfprintf.o)
                0x0800a9e0                _vfprintf_r
                0x0800a9e0                _vfiprintf_r
 .text._printf_common
                0x0800ac10       0xda C:/ST/STM32CubeIDE_1.16.1/STM32CubeIDE/plugins/com.st.stm32cube.ide.mcu.externaltools.gnu-tools-for-stm32.12.3.rel1.win32_1.0.200.202406191623/tools/bin/../lib/gcc/arm-none-eabi/12.3.1/../../../../arm-none-eabi/lib/thumb/v7e-m+fp/hard\libc_nano.a(libc_a-nano-vfprintf_i.o)
                0x0800ac10                _printf_common
 *fill*         0x0800acea        0x2 
 .text._printf_i
                0x0800acec      0x240 C:/ST/STM32CubeIDE_1.16.1/STM32CubeIDE/plugins/com.st.stm32cube.ide.mcu.externaltools.gnu-tools-for-stm32.12.3.rel1.win32_1.0.200.202406191623/tools/bin/../lib/gcc/arm-none-eabi/12.3.1/../../../../arm-none-eabi/lib/thumb/v7e-m+fp/hard\libc_nano.a(libc_a-nano-vfprintf_i.o)
                0x0800acec                _printf_i
 .text.__sflush_r
                0x0800af2c      0x108 C:/ST/STM32CubeIDE_1.16.1/STM32CubeIDE/plugins/com.st.stm32cube.ide.mcu.externaltools.gnu-tools-for-stm32.12.3.rel1.win32_1.0.200.202406191623/tools/bin/../lib/gcc/arm-none-eabi/12.3.1/../../../../arm-none-eabi/lib/thumb/v7e-m+fp/hard\libc_nano.a(libc_a-fflush.o)
                0x0800af2c                __sflush_r
 .text._fflush_r
                0x0800b034       0x50 C:/ST/STM32CubeIDE_1.16.1/STM32CubeIDE/plugins/com.st.stm32cube.ide.mcu.externaltools.gnu-tools-for-stm32.12.3.rel1.win32_1.0.200.202406191623/tools/bin/../lib/gcc/arm-none-eabi/12.3.1/../../../../arm-none-eabi/lib/thumb/v7e-m+fp/hard\libc_nano.a(libc_a-fflush.o)
                0x0800b034                _fflush_r
 .text.fprintf  0x0800b084       0x24 C:/ST/STM32CubeIDE_1.16.1/STM32CubeIDE/plugins/com.st.stm32cube.ide.mcu.externaltools.gnu-tools-for-stm32.12.3.rel1.win32_1.0.200.202406191623/tools/bin/../lib/gcc/arm-none-eabi/12.3.1/../../../../arm-none-eabi/lib/thumb/v7e-m+fp/hard\libc_nano.a(libc_a-fprintf.o)
                0x0800b084                fiprintf
                0x0800b084                fprintf
 .text.__swhatbuf_r
                0x0800b0a8       0x4c C:/ST/STM32CubeIDE_1.16.1/STM32CubeIDE/plugins/com.st.stm32cube.ide.mcu.externaltools.gnu-tools-for-stm32.12.3.rel1.win32_1.0.200.202406191623/tools/bin/../lib/gcc/arm-none-eabi/12.3.1/../../../../arm-none-eabi/lib/thumb/v7e-m+fp/hard\libc_nano.a(libc_a-makebuf.o)
                0x0800b0a8                __swhatbuf_r
 .text.__smakebuf_r
                0x0800b0f4       0x78 C:/ST/STM32CubeIDE_1.16.1/STM32CubeIDE/plugins/com.st.stm32cube.ide.mcu.externaltools.gnu-tools-for-stm32.12.3.rel1.win32_1.0.200.202406191623/tools/bin/../lib/gcc/arm-none-eabi/12.3.1/../../../../arm-none-eabi/lib/thumb/v7e-m+fp/hard\libc_nano.a(libc_a-makebuf.o)
                0x0800b0f4                __smakebuf_r
 .text._putc_r  0x0800b16c       0x68 C:/ST/STM32CubeIDE_1.16.1/STM32CubeIDE/plugins/com.st.stm32cube.ide.mcu.externaltools.gnu-tools-for-stm32.12.3.rel1.win32_1.0.200.202406191623/tools/bin/../lib/gcc/arm-none-eabi/12.3.1/../../../../arm-none-eabi/lib/thumb/v7e-m+fp/hard\libc_nano.a(libc_a-putc.o)
                0x0800b16c                _putc_r
 .text._fstat_r
                0x0800b1d4       0x24 C:/ST/STM32CubeIDE_1.16.1/STM32CubeIDE/plugins/com.st.stm32cube.ide.mcu.externaltools.gnu-tools-for-stm32.12.3.rel1.win32_1.0.200.202406191623/tools/bin/../lib/gcc/arm-none-eabi/12.3.1/../../../../arm-none-eabi/lib/thumb/v7e-m+fp/hard\libc_nano.a(libc_a-fstatr.o)
                0x0800b1d4                _fstat_r
 .text._isatty_r
                0x0800b1f8       0x20 C:/ST/STM32CubeIDE_1.16.1/STM32CubeIDE/plugins/com.st.stm32cube.ide.mcu.externaltools.gnu-tools-for-stm32.12.3.rel1.win32_1.0.200.202406191623/tools/bin/../lib/gcc/arm-none-eabi/12.3.1/../../../../arm-none-eabi/lib/thumb/v7e-m+fp/hard\libc_nano.a(libc_a-isattyr.o)
                0x0800b1f8                _isatty_r
 .text._sbrk_r  0x0800b218       0x20 C:/ST/STM32CubeIDE_1.16.1/STM32CubeIDE/plugins/com.st.stm32cube.ide.mcu.externaltools.gnu-tools-for-stm32.12.3.rel1.win32_1.0.200.202406191623/tools/bin/../lib/gcc/arm-none-eabi/12.3.1/../../../../arm-none-eabi/lib/thumb/v7e-m+fp/hard\libc_nano.a(libc_a-sbrkr.o)
                0x0800b218                _sbrk_r
 .text.abort    0x0800b238        0xe C:/ST/STM32CubeIDE_1.16.1/STM32CubeIDE/plugins/com.st.stm32cube.ide.mcu.externaltools.gnu-tools-for-stm32.12.3.rel1.win32_1.0.200.202406191623/tools/bin/../lib/gcc/arm-none-eabi/12.3.1/../../../../arm-none-eabi/lib/thumb/v7e-m+fp/hard\libc_nano.a(libc_a-abort.o)
                0x0800b238                abort
 .text._raise_r
                0x0800b246       0x50 C:/ST/STM32CubeIDE_1.16.1/STM32CubeIDE/plugins/com.st.stm32cube.ide.mcu.externaltools.gnu-tools-for-stm32.12.3.rel1.win32_1.0.200.202406191623/tools/bin/../lib/gcc/arm-none-eabi/12.3.1/../../../../arm-none-eabi/lib/thumb/v7e-m+fp/hard\libc_nano.a(libc_a-signal.o)
                0x0800b246                _raise_r
 *fill*         0x0800b296        0x2 
 .text.raise    0x0800b298       0x10 C:/ST/STM32CubeIDE_1.16.1/STM32CubeIDE/plugins/com.st.stm32cube.ide.mcu.externaltools.gnu-tools-for-stm32.12.3.rel1.win32_1.0.200.202406191623/tools/bin/../lib/gcc/arm-none-eabi/12.3.1/../../../../arm-none-eabi/lib/thumb/v7e-m+fp/hard\libc_nano.a(libc_a-signal.o)
                0x0800b298                raise
 .text._kill_r  0x0800b2a8       0x24 C:/ST/STM32CubeIDE_1.16.1/STM32CubeIDE/plugins/com.st.stm32cube.ide.mcu.externaltools.gnu-tools-for-stm32.12.3.rel1.win32_1.0.200.202406191623/tools/bin/../lib/gcc/arm-none-eabi/12.3.1/../../../../arm-none-eabi/lib/thumb/v7e-m+fp/hard\libc_nano.a(libc_a-signalr.o)
                0x0800b2a8                _kill_r
 .text._getpid_r
                0x0800b2cc        0x4 C:/ST/STM32CubeIDE_1.16.1/STM32CubeIDE/plugins/com.st.stm32cube.ide.mcu.externaltools.gnu-tools-for-stm32.12.3.rel1.win32_1.0.200.202406191623/tools/bin/../lib/gcc/arm-none-eabi/12.3.1/../../../../arm-none-eabi/lib/thumb/v7e-m+fp/hard\libc_nano.a(libc_a-signalr.o)
                0x0800b2cc                _getpid_r
 .text.roundf   0x0800b2d0       0x48 C:/ST/STM32CubeIDE_1.16.1/STM32CubeIDE/plugins/com.st.stm32cube.ide.mcu.externaltools.gnu-tools-for-stm32.12.3.rel1.win32_1.0.200.202406191623/tools/bin/../lib/gcc/arm-none-eabi/12.3.1/../../../../arm-none-eabi/lib/thumb/v7e-m+fp/hard\libm.a(libm_a-sf_round.o)
                0x0800b2d0                roundf
 *(.glue_7)
 .glue_7        0x0800b318        0x0 linker stubs
 *(.glue_7t)
 .glue_7t       0x0800b318        0x0 linker stubs
 *(.eh_frame)
 .eh_frame      0x0800b318        0x0 C:/ST/STM32CubeIDE_1.16.1/STM32CubeIDE/plugins/com.st.stm32cube.ide.mcu.externaltools.gnu-tools-for-stm32.12.3.rel1.win32_1.0.200.202406191623/tools/bin/../lib/gcc/arm-none-eabi/12.3.1/thumb/v7e-m+fp/hard/crtbegin.o
 *(.init)
 .init          0x0800b318        0x4 C:/ST/STM32CubeIDE_1.16.1/STM32CubeIDE/plugins/com.st.stm32cube.ide.mcu.externaltools.gnu-tools-for-stm32.12.3.rel1.win32_1.0.200.202406191623/tools/bin/../lib/gcc/arm-none-eabi/12.3.1/thumb/v7e-m+fp/hard/crti.o
                0x0800b318                _init
 .init          0x0800b31c        0x8 C:/ST/STM32CubeIDE_1.16.1/STM32CubeIDE/plugins/com.st.stm32cube.ide.mcu.externaltools.gnu-tools-for-stm32.12.3.rel1.win32_1.0.200.202406191623/tools/bin/../lib/gcc/arm-none-eabi/12.3.1/thumb/v7e-m+fp/hard/crtn.o
 *(.fini)
 .fini          0x0800b324        0x4 C:/ST/STM32CubeIDE_1.16.1/STM32CubeIDE/plugins/com.st.stm32cube.ide.mcu.externaltools.gnu-tools-for-stm32.12.3.rel1.win32_1.0.200.202406191623/tools/bin/../lib/gcc/arm-none-eabi/12.3.1/thumb/v7e-m+fp/hard/crti.o
                0x0800b324                _fini
 .fini          0x0800b328        0x8 C:/ST/STM32CubeIDE_1.16.1/STM32CubeIDE/plugins/com.st.stm32cube.ide.mcu.externaltools.gnu-tools-for-stm32.12.3.rel1.win32_1.0.200.202406191623/tools/bin/../lib/gcc/arm-none-eabi/12.3.1/thumb/v7e-m+fp/hard/crtn.o
                0x0800b330                        . = ALIGN (0x4)
                0x0800b330                        _etext = .

.vfp11_veneer   0x0800b330        0x0
 .vfp11_veneer  0x0800b330        0x0 linker stubs

.v4_bx          0x0800b330        0x0
 .v4_bx         0x0800b330        0x0 linker stubs

.iplt           0x0800b330        0x0
 .iplt          0x0800b330        0x0 C:/ST/STM32CubeIDE_1.16.1/STM32CubeIDE/plugins/com.st.stm32cube.ide.mcu.externaltools.gnu-tools-for-stm32.12.3.rel1.win32_1.0.200.202406191623/tools/bin/../lib/gcc/arm-none-eabi/12.3.1/thumb/v7e-m+fp/hard/crtbegin.o

.rodata         0x0800b330     0x128c
                0x0800b330                        . = ALIGN (0x4)
 *(.rodata)
 .rodata        0x0800b330        0xd ./BlueNRG-2/Target/hci_tl_interface.o
 *fill*         0x0800b33d        0x3 
 .rodata        0x0800b340      0x4e8 ./Core/Src/HapticGloveWrite/bluenrg_init.o
 .rodata        0x0800b828      0x194 ./Core/Src/HapticGloveWrite/gatt_db.o
 .rodata        0x0800b9bc       0x7c ./Core/Src/HapticGloveWrite/sensor.o
 .rodata        0x0800ba38      0x87c ./Middlewares/ST/BlueNRG-2/hci/bluenrg1_events_cb.o
 *(.rodata*)
 .rodata.AHBPrescTable
                0x0800c2b4       0x10 ./Core/Src/system_stm32l4xx.o
                0x0800c2b4                AHBPrescTable
 .rodata.APBPrescTable
                0x0800c2c4        0x8 ./Core/Src/system_stm32l4xx.o
                0x0800c2c4                APBPrescTable
 .rodata.MSIRangeTable
                0x0800c2cc       0x30 ./Core/Src/system_stm32l4xx.o
                0x0800c2cc                MSIRangeTable
 .rodata.hci_events_table
                0x0800c2fc       0x38 ./Middlewares/ST/BlueNRG-2/hci/bluenrg1_events.o
                0x0800c2fc                hci_events_table
 .rodata.hci_le_meta_events_table
                0x0800c334       0x50 ./Middlewares/ST/BlueNRG-2/hci/bluenrg1_events.o
                0x0800c334                hci_le_meta_events_table
 .rodata.hci_vendor_specific_events_table
                0x0800c384      0x158 ./Middlewares/ST/BlueNRG-2/hci/bluenrg1_events.o
                0x0800c384                hci_vendor_specific_events_table
 .rodata.srand.str1.1
                0x0800c4dc       0x6f C:/ST/STM32CubeIDE_1.16.1/STM32CubeIDE/plugins/com.st.stm32cube.ide.mcu.externaltools.gnu-tools-for-stm32.12.3.rel1.win32_1.0.200.202406191623/tools/bin/../lib/gcc/arm-none-eabi/12.3.1/../../../../arm-none-eabi/lib/thumb/v7e-m+fp/hard\libc_nano.a(libc_a-rand.o)
 .rodata.__assert_func.str1.1
                0x0800c54b       0x3c C:/ST/STM32CubeIDE_1.16.1/STM32CubeIDE/plugins/com.st.stm32cube.ide.mcu.externaltools.gnu-tools-for-stm32.12.3.rel1.win32_1.0.200.202406191623/tools/bin/../lib/gcc/arm-none-eabi/12.3.1/../../../../arm-none-eabi/lib/thumb/v7e-m+fp/hard\libc_nano.a(libc_a-assert.o)
                                 0x3d (size before relaxing)
 .rodata._vfprintf_r.str1.1
                0x0800c587       0x11 C:/ST/STM32CubeIDE_1.16.1/STM32CubeIDE/plugins/com.st.stm32cube.ide.mcu.externaltools.gnu-tools-for-stm32.12.3.rel1.win32_1.0.200.202406191623/tools/bin/../lib/gcc/arm-none-eabi/12.3.1/../../../../arm-none-eabi/lib/thumb/v7e-m+fp/hard\libc_nano.a(libc_a-nano-vfprintf.o)
 .rodata._printf_i.str1.1
                0x0800c598       0x22 C:/ST/STM32CubeIDE_1.16.1/STM32CubeIDE/plugins/com.st.stm32cube.ide.mcu.externaltools.gnu-tools-for-stm32.12.3.rel1.win32_1.0.200.202406191623/tools/bin/../lib/gcc/arm-none-eabi/12.3.1/../../../../arm-none-eabi/lib/thumb/v7e-m+fp/hard\libc_nano.a(libc_a-nano-vfprintf_i.o)
                0x0800c5bc                        . = ALIGN (0x4)
 *fill*         0x0800c5ba        0x2 

.ARM.extab      0x0800c5bc        0x0
                0x0800c5bc                        . = ALIGN (0x4)
 *(.ARM.extab* .gnu.linkonce.armextab.*)
                0x0800c5bc                        . = ALIGN (0x4)

.ARM            0x0800c5bc        0x8
                0x0800c5bc                        . = ALIGN (0x4)